#
# There is insufficient memory for the Java Runtime Environment to continue.
# Native memory allocation (malloc) failed to allocate 131088 bytes for Chunk::new
# Possible reasons:
#   The system is out of physical RAM or swap space
#   In 32 bit mode, the process size limit was hit
# Possible solutions:
#   Reduce memory load on the system
#   Increase physical memory or swap space
#   Check if swap backing store is full
#   Use 64 bit Java on a 64 bit OS
#   Decrease Java heap size (-Xmx/-Xms)
#   Decrease number of Java threads
#   Decrease Java thread stack sizes (-Xss)
#   Set larger code cache with -XX:ReservedCodeCacheSize=
# This output file may be truncated or incomplete.
#
#  Out of Memory Error (allocation.cpp:390), pid=652, tid=0x0000000000000c4c
#
# JRE version: Java(TM) SE Runtime Environment (8.0_171-b11) (build 1.8.0_171-b11)
# Java VM: Java HotSpot(TM) 64-Bit Server VM (25.171-b11 mixed mode windows-amd64 compressed oops)
# Failed to write core dump. Minidumps are not enabled by default on client versions of Windows
#

---------------  T H R E A D  ---------------

Current thread (0x00000000170d6800):  JavaThread "C2 CompilerThread0" daemon [_thread_in_native, id=3148, stack(0x0000000018740000,0x0000000018840000)]

Stack: [0x0000000018740000,0x0000000018840000]
[error occurred during error reporting (printing stack bounds), id 0xc0000005]

Native frames: (J=compiled Java code, j=interpreted, Vv=VM code, C=native code)


Current CompileTask:
C2:   5597 1528       4       java.net.URLClassLoader$1::run (5 bytes)


---------------  P R O C E S S  ---------------

Java Threads: ( => current thread )
  0x00000000189b6000 JavaThread "Service Thread" daemon [_thread_blocked, id=14416, stack(0x0000000018e40000,0x0000000018f40000)]
  0x0000000018984800 JavaThread "C1 CompilerThread2" daemon [_thread_blocked, id=8904, stack(0x0000000018d40000,0x0000000018e40000)]
  0x00000000170da800 JavaThread "C2 CompilerThread1" daemon [_thread_in_native, id=884, stack(0x0000000018840000,0x0000000018940000)]
=>0x00000000170d6800 JavaThread "C2 CompilerThread0" daemon [_thread_in_native, id=3148, stack(0x0000000018740000,0x0000000018840000)]
  0x0000000017125800 JavaThread "Attach Listener" daemon [_thread_blocked, id=1564, stack(0x0000000018640000,0x0000000018740000)]
  0x0000000017124800 JavaThread "Signal Dispatcher" daemon [_thread_blocked, id=6788, stack(0x0000000018540000,0x0000000018640000)]
  0x0000000002557000 JavaThread "Finalizer" daemon [_thread_blocked, id=5952, stack(0x0000000018340000,0x0000000018440000)]
  0x0000000002552000 JavaThread "Reference Handler" daemon [_thread_blocked, id=4984, stack(0x0000000018240000,0x0000000018340000)]
  0x0000000002462800 JavaThread "main" [_thread_in_vm, id=14232, stack(0x00000000022a0000,0x00000000023a0000)]

Other Threads:
  0x0000000017097800 VMThread [stack: 0x0000000018140000,0x0000000018240000] [id=12752]
  0x00000000189d8000 WatcherThread [stack: 0x0000000018f40000,0x0000000019040000] [id=11280]

VM state:not at safepoint (normal execution)

VM Mutex/Monitor currently owned by a thread: None

Heap:
 PSYoungGen      total 38400K, used 24443K [0x00000000d5c00000, 0x00000000da700000, 0x0000000100000000)
  eden space 33280K, 58% used [0x00000000d5c00000,0x00000000d6ee0f58,0x00000000d7c80000)
  from space 5120K, 99% used [0x00000000d8180000,0x00000000d867dfc8,0x00000000d8680000)
  to   space 5120K, 0% used [0x00000000d7c80000,0x00000000d7c80000,0x00000000d8180000)
 ParOldGen       total 87552K, used 1743K [0x0000000081400000, 0x0000000086980000, 0x00000000d5c00000)
  object space 87552K, 1% used [0x0000000081400000,0x00000000815b3f38,0x0000000086980000)
 Metaspace       used 13907K, capacity 14174K, committed 14464K, reserved 1062912K
  class space    used 1728K, capacity 1811K, committed 1920K, reserved 1048576K

Card table byte_map: [0x0000000011920000,0x0000000011d20000] byte_map_base: 0x0000000011516000

Marking Bits: (ParMarkBitMap*) 0x00000000712308c0
 Begin Bits: [0x00000000123d0000, 0x0000000014380000)
 End Bits:   [0x0000000014380000, 0x0000000016330000)

Polling page: 0x0000000000710000

CodeCache: size=245760Kb used=5228Kb max_used=5228Kb free=240531Kb
 bounds [0x0000000002560000, 0x0000000002a80000, 0x0000000011560000]
 total_blobs=1875 nmethods=1541 adapters=246
 compilation: enabled

Compilation events (10 events):
Event: 5.453 Thread 0x0000000018984800 1541       3       java.lang.reflect.Proxy$Key1::<init> (14 bytes)
Event: 5.453 Thread 0x0000000018984800 nmethod 1541 0x0000000002a7c990 code [0x0000000002a7cb20, 0x0000000002a7cf28]
Event: 5.510 Thread 0x0000000018984800 1544       3       com.google.inject.Key$AnnotationInstanceStrategy::getAnnotationType (10 bytes)
Event: 5.510 Thread 0x0000000018984800 nmethod 1544 0x0000000002a7d6d0 code [0x0000000002a7d840, 0x0000000002a7da68]
Event: 5.528 Thread 0x0000000018984800 1546       3       java.util.LinkedHashMap$LinkedEntryIterator::next (5 bytes)
Event: 5.529 Thread 0x0000000018984800 nmethod 1546 0x0000000002a7dd10 code [0x0000000002a7de80, 0x0000000002a7e168]
Event: 5.534 Thread 0x0000000018984800 1547       3       java.lang.Character::codePointAtImpl (41 bytes)
Event: 5.535 Thread 0x0000000018984800 nmethod 1547 0x0000000002a7e210 code [0x0000000002a7e3a0, 0x0000000002a7e830]
Event: 5.536 Thread 0x0000000018984800 1548       3       java.lang.String::codePointAt (36 bytes)
Event: 5.536 Thread 0x0000000018984800 nmethod 1548 0x0000000002a7ea10 code [0x0000000002a7eba0, 0x0000000002a7ee58]

GC Heap History (4 events):
Event: 2.774 GC heap before
{Heap before GC invocations=1 (full 0):
 PSYoungGen      total 38400K, used 33280K [0x00000000d5c00000, 0x00000000d8680000, 0x0000000100000000)
  eden space 33280K, 100% used [0x00000000d5c00000,0x00000000d7c80000,0x00000000d7c80000)
  from space 5120K, 0% used [0x00000000d8180000,0x00000000d8180000,0x00000000d8680000)
  to   space 5120K, 0% used [0x00000000d7c80000,0x00000000d7c80000,0x00000000d8180000)
 ParOldGen       total 87552K, used 0K [0x0000000081400000, 0x0000000086980000, 0x00000000d5c00000)
  object space 87552K, 0% used [0x0000000081400000,0x0000000081400000,0x0000000086980000)
 Metaspace       used 8157K, capacity 8316K, committed 8576K, reserved 1056768K
  class space    used 998K, capacity 1048K, committed 1152K, reserved 1048576K
Event: 2.796 GC heap after
Heap after GC invocations=1 (full 0):
 PSYoungGen      total 38400K, used 5099K [0x00000000d5c00000, 0x00000000d8680000, 0x0000000100000000)
  eden space 33280K, 0% used [0x00000000d5c00000,0x00000000d5c00000,0x00000000d7c80000)
  from space 5120K, 99% used [0x00000000d7c80000,0x00000000d817ad00,0x00000000d8180000)
  to   space 5120K, 0% used [0x00000000d8180000,0x00000000d8180000,0x00000000d8680000)
 ParOldGen       total 87552K, used 86K [0x0000000081400000, 0x0000000086980000, 0x00000000d5c00000)
  object space 87552K, 0% used [0x0000000081400000,0x0000000081415988,0x0000000086980000)
 Metaspace       used 8157K, capacity 8316K, committed 8576K, reserved 1056768K
  class space    used 998K, capacity 1048K, committed 1152K, reserved 1048576K
}
Event: 4.327 GC heap before
{Heap before GC invocations=2 (full 0):
 PSYoungGen      total 38400K, used 38379K [0x00000000d5c00000, 0x00000000d8680000, 0x0000000100000000)
  eden space 33280K, 100% used [0x00000000d5c00000,0x00000000d7c80000,0x00000000d7c80000)
  from space 5120K, 99% used [0x00000000d7c80000,0x00000000d817ad00,0x00000000d8180000)
  to   space 5120K, 0% used [0x00000000d8180000,0x00000000d8180000,0x00000000d8680000)
 ParOldGen       total 87552K, used 86K [0x0000000081400000, 0x0000000086980000, 0x00000000d5c00000)
  object space 87552K, 0% used [0x0000000081400000,0x0000000081415988,0x0000000086980000)
 Metaspace       used 11611K, capacity 11798K, committed 12160K, reserved 1060864K
  class space    used 1432K, capacity 1542K, committed 1664K, reserved 1048576K
Event: 4.349 GC heap after
Heap after GC invocations=2 (full 0):
 PSYoungGen      total 38400K, used 5111K [0x00000000d5c00000, 0x00000000da700000, 0x0000000100000000)
  eden space 33280K, 0% used [0x00000000d5c00000,0x00000000d5c00000,0x00000000d7c80000)
  from space 5120K, 99% used [0x00000000d8180000,0x00000000d867dfc8,0x00000000d8680000)
  to   space 5120K, 0% used [0x00000000d7c80000,0x00000000d7c80000,0x00000000d8180000)
 ParOldGen       total 87552K, used 1743K [0x0000000081400000, 0x0000000086980000, 0x00000000d5c00000)
  object space 87552K, 1% used [0x0000000081400000,0x00000000815b3f38,0x0000000086980000)
 Metaspace       used 11611K, capacity 11798K, committed 12160K, reserved 1060864K
  class space    used 1432K, capacity 1542K, committed 1664K, reserved 1048576K
}

Deoptimization events (8 events):
Event: 1.450 Thread 0x0000000002462800 Uncommon trap: reason=unstable_if action=reinterpret pc=0x00000000027163e4 method=org.codehaus.plexus.util.xml.pull.MXParser.more()C @ 8
Event: 1.453 Thread 0x0000000002462800 Uncommon trap: reason=unstable_if action=reinterpret pc=0x0000000002685548 method=java.net.URI.match(CJJ)Z @ 19
Event: 1.674 Thread 0x0000000002462800 Uncommon trap: reason=unstable_if action=reinterpret pc=0x00000000026e3840 method=java.lang.String.indexOf([CII[CIII)I @ 3
Event: 2.327 Thread 0x0000000002462800 Uncommon trap: reason=unstable_if action=reinterpret pc=0x00000000027c057c method=java.util.HashMap.getNode(ILjava/lang/Object;)Ljava/util/HashMap$Node; @ 129
Event: 2.665 Thread 0x0000000002462800 Uncommon trap: reason=unstable_if action=reinterpret pc=0x00000000028299c0 method=org.codehaus.plexus.util.xml.pull.MXParser.nextImpl()I @ 241
Event: 2.909 Thread 0x0000000002462800 Uncommon trap: reason=range_check action=make_not_entrant pc=0x000000000287cbe0 method=sun.reflect.generics.parser.SignatureParser.current()C @ 34
Event: 2.921 Thread 0x0000000002462800 Uncommon trap: reason=unstable_if action=reinterpret pc=0x00000000027c5000 method=java.util.HashMap.getNode(ILjava/lang/Object;)Ljava/util/HashMap$Node; @ 129
Event: 5.399 Thread 0x0000000002462800 Uncommon trap: reason=unstable_if action=reinterpret pc=0x00000000028742b8 method=org.codehaus.plexus.util.xml.pull.MXParser.parseStartTag()I @ 443

Classes redefined (0 events):
No events

Internal exceptions (10 events):
Event: 2.909 Thread 0x0000000002462800 Exception <a 'java/lang/ArrayIndexOutOfBoundsException': 66> (0x00000000d5e88bc8) thrown at [C:\re\workspace\8-2-build-windows-amd64-cygwin\jdk8u171\10807\hotspot\src\share\vm\interpreter\interpreterRuntime.cpp, line 366]
Event: 4.953 Thread 0x0000000002462800 Exception <a 'java/lang/NoClassDefFoundError': com/google/inject/servlet/ServletModuleTargetVisitor> (0x00000000d656a2d0) thrown at [C:\re\workspace\8-2-build-windows-amd64-cygwin\jdk8u171\10807\hotspot\src\share\vm\classfile\systemDictionary.cpp, line 19
Event: 4.953 Thread 0x0000000002462800 Exception <a 'java/lang/NoClassDefFoundError'> (0x00000000d656a2d0) thrown at [C:\re\workspace\8-2-build-windows-amd64-cygwin\jdk8u171\10807\hotspot\src\share\vm\prims\jvm.cpp, line 1439]
Event: 4.954 Thread 0x0000000002462800 Exception <a 'java/lang/NoClassDefFoundError': javax/annotation/Priority> (0x00000000d656f368) thrown at [C:\re\workspace\8-2-build-windows-amd64-cygwin\jdk8u171\10807\hotspot\src\share\vm\classfile\systemDictionary.cpp, line 199]
Event: 5.510 Thread 0x0000000002462800 Exception <a 'java/lang/NullPointerException'> (0x00000000d6d3df90) thrown at [C:\re\workspace\8-2-build-windows-amd64-cygwin\jdk8u171\10807\hotspot\src\share\vm\interpreter\linkResolver.cpp, line 1185]
Event: 5.510 Thread 0x0000000002462800 Exception <a 'java/lang/NullPointerException'> (0x00000000d6d3e1a8) thrown at [C:\re\workspace\8-2-build-windows-amd64-cygwin\jdk8u171\10807\hotspot\src\share\vm\interpreter\linkResolver.cpp, line 1185]
Event: 5.510 Thread 0x0000000002462800 Exception <a 'java/lang/NullPointerException'> (0x00000000d6d3e3c0) thrown at [C:\re\workspace\8-2-build-windows-amd64-cygwin\jdk8u171\10807\hotspot\src\share\vm\interpreter\linkResolver.cpp, line 1185]
Event: 5.512 Thread 0x0000000002462800 Exception <a 'java/lang/NullPointerException'> (0x00000000d6d46a58) thrown at [C:\re\workspace\8-2-build-windows-amd64-cygwin\jdk8u171\10807\hotspot\src\share\vm\interpreter\linkResolver.cpp, line 1185]
Event: 5.512 Thread 0x0000000002462800 Exception <a 'java/lang/NullPointerException'> (0x00000000d6d46c70) thrown at [C:\re\workspace\8-2-build-windows-amd64-cygwin\jdk8u171\10807\hotspot\src\share\vm\interpreter\linkResolver.cpp, line 1185]
Event: 5.512 Thread 0x0000000002462800 Exception <a 'java/lang/NullPointerException'> (0x00000000d6d46e88) thrown at [C:\re\workspace\8-2-build-windows-amd64-cygwin\jdk8u171\10807\hotspot\src\share\vm\interpreter\linkResolver.cpp, line 1185]

Events (10 events):
Event: 5.586 loading class org/apache/maven/project/DefaultModelBuildingListener
Event: 5.586 loading class org/apache/maven/project/DefaultModelBuildingListener done
Event: 5.586 loading class org/apache/maven/model/building/AbstractModelBuildingListener
Event: 5.586 loading class org/apache/maven/model/building/AbstractModelBuildingListener done
Event: 5.587 loading class org/apache/maven/model/building/DefaultModelBuildingResult
Event: 5.587 loading class org/apache/maven/model/building/DefaultModelBuildingResult done
Event: 5.589 loading class java/util/EnumSet
Event: 5.589 loading class java/util/EnumSet done
Event: 5.590 loading class java/util/RegularEnumSet
Event: 5.590 loading class java/util/RegularEnumSet done


Dynamic libraries:
0x00007ff6e0070000 - 0x00007ff6e00a7000 	C:\Program Files\Java\jdk1.8.0_171\bin\java.exe
0x00007ffb01a90000 - 0x00007ffb01c7d000 	C:\WINDOWS\SYSTEM32\ntdll.dll
0x00007ffb00ed0000 - 0x00007ffb00f83000 	C:\WINDOWS\System32\KERNEL32.DLL
0x00007ffafdc60000 - 0x00007ffafdef3000 	C:\WINDOWS\System32\KERNELBASE.dll
0x00007ffb00fd0000 - 0x00007ffb01073000 	C:\WINDOWS\System32\ADVAPI32.dll
0x00007ffb01680000 - 0x00007ffb0171e000 	C:\WINDOWS\System32\msvcrt.dll
0x00007ffb00e30000 - 0x00007ffb00ece000 	C:\WINDOWS\System32\sechost.dll
0x00007ffb01930000 - 0x00007ffb01a52000 	C:\WINDOWS\System32\RPCRT4.dll
0x00007ffaff470000 - 0x00007ffaff607000 	C:\WINDOWS\System32\USER32.dll
0x00007ffafe8e0000 - 0x00007ffafe900000 	C:\WINDOWS\System32\win32u.dll
0x00007ffb00fa0000 - 0x00007ffb00fc9000 	C:\WINDOWS\System32\GDI32.dll
0x00007ffafea50000 - 0x00007ffafebea000 	C:\WINDOWS\System32\gdi32full.dll
0x00007ffafe950000 - 0x00007ffafe9f0000 	C:\WINDOWS\System32\msvcp_win.dll
0x00007ffafdb60000 - 0x00007ffafdc5a000 	C:\WINDOWS\System32\ucrtbase.dll
0x00007ffadd8e0000 - 0x00007ffaddb59000 	C:\WINDOWS\WinSxS\amd64_microsoft.windows.common-controls_6595b64144ccf1df_6.0.17763.503_none_05b23ef40721f4ae\COMCTL32.dll
0x00007ffafef10000 - 0x00007ffaff23c000 	C:\WINDOWS\System32\combase.dll
0x00007ffafec40000 - 0x00007ffafecbe000 	C:\WINDOWS\System32\bcryptPrimitives.dll
0x00007ffaff730000 - 0x00007ffaff75e000 	C:\WINDOWS\System32\IMM32.DLL
0x0000000070930000 - 0x0000000070a02000 	C:\Program Files\Java\jdk1.8.0_171\jre\bin\msvcr100.dll
0x0000000070a10000 - 0x00000000712b0000 	C:\Program Files\Java\jdk1.8.0_171\jre\bin\server\jvm.dll
0x00007ffb01080000 - 0x00007ffb01088000 	C:\WINDOWS\System32\PSAPI.DLL
0x00007ffaeca50000 - 0x00007ffaeca59000 	C:\WINDOWS\SYSTEM32\WSOCK32.dll
0x00007ffaff610000 - 0x00007ffaff67d000 	C:\WINDOWS\System32\WS2_32.dll
0x00007ffaf9e60000 - 0x00007ffaf9e84000 	C:\WINDOWS\SYSTEM32\WINMM.dll
0x00007ffaf2d20000 - 0x00007ffaf2d2a000 	C:\WINDOWS\SYSTEM32\VERSION.dll
0x00007ffaf9e30000 - 0x00007ffaf9e5d000 	C:\WINDOWS\SYSTEM32\winmmbase.dll
0x00007ffafe900000 - 0x00007ffafe94a000 	C:\WINDOWS\System32\cfgmgr32.dll
0x0000000072de0000 - 0x0000000072def000 	C:\Program Files\Java\jdk1.8.0_171\jre\bin\verify.dll
0x0000000072db0000 - 0x0000000072dd9000 	C:\Program Files\Java\jdk1.8.0_171\jre\bin\java.dll
0x0000000072d90000 - 0x0000000072da6000 	C:\Program Files\Java\jdk1.8.0_171\jre\bin\zip.dll
0x00007ffaff760000 - 0x00007ffb00c50000 	C:\WINDOWS\System32\SHELL32.dll
0x00007ffb015d0000 - 0x00007ffb01678000 	C:\WINDOWS\System32\shcore.dll
0x00007ffafdf00000 - 0x00007ffafe64a000 	C:\WINDOWS\System32\windows.storage.dll
0x00007ffafdb30000 - 0x00007ffafdb54000 	C:\WINDOWS\System32\profapi.dll
0x00007ffafda90000 - 0x00007ffafdaed000 	C:\WINDOWS\System32\powrprof.dll
0x00007ffb00dd0000 - 0x00007ffb00e22000 	C:\WINDOWS\System32\shlwapi.dll
0x00007ffafdaf0000 - 0x00007ffafdb01000 	C:\WINDOWS\System32\kernel.appcore.dll
0x00007ffafebf0000 - 0x00007ffafec07000 	C:\WINDOWS\System32\cryptsp.dll
0x00007ffafc230000 - 0x00007ffafc23a000 	C:\apache-maven-3.6.1\lib\jansi-native\windows64\jansi.dll

VM Arguments:
jvm_args: -Dclassworlds.conf=C:\apache-maven-3.6.1\bin\..\bin\m2.conf -Dmaven.home=C:\apache-maven-3.6.1\bin\.. -Dlibrary.jansi.path=C:\apache-maven-3.6.1\bin\..\lib\jansi-native -Dmaven.multiModuleProjectDirectory=F:\tezamess 
java_command: org.codehaus.plexus.classworlds.launcher.Launcher -Dexec.args=-classpath %classpath com.tezamess.main.AppchatApplication -Dexec.executable=C:\Program Files\Java\jdk1.8.0_171\bin\java.exe -Dmaven.ext.class.path=C:\Program Files\NetBeans 8.2\java\maven-nblib\netbeans-eventspy.jar -Dfile.encoding=UTF-8 org.codehaus.mojo:exec-maven-plugin:1.2.1:exec
java_class_path (initial): C:\apache-maven-3.6.1\bin\..\boot\plexus-classworlds-2.6.0.jar
Launcher Type: SUN_STANDARD

Environment Variables:
JAVA_HOME=C:\Program Files\Java\jdk1.8.0_171
JRE_HOME=C:\Program Files\Java\jre1.8.0_211
PATH=C:\Program Files (x86)\Common Files\Oracle\Java\javapath;%JDK_HOME%\bin;%M2_HOME%\bin;C:\ProgramData\Oracle\Java\javapath;C:\WINDOWS\system32;C:\WINDOWS;C:\WINDOWS\System32\Wbem;C:\WINDOWS\System32\WindowsPowerShell\v1.0\;C:\Program Files (x86)\Skype\Phone\;C:\Program Files (x86)\Microsoft SQL Server\100\Tools\Binn\;C:\Program Files\Microsoft SQL Server\100\Tools\Binn\;C:\Program Files\Microsoft SQL Server\100\DTS\Binn\;C:\Program Files\dotnet\;C:\Program Files\Intel\WiFi\bin\;C:\Program Files\Common Files\Intel\WirelessCommon\;C:\WINDOWS\System32\OpenSSH\;C:\Program Files\Microsoft SQL Server\130\Tools\Binn\;C:\Program Files\Microsoft SQL Server\120\Tools\Binn\;C:\Program Files\Microsoft SQL Server\Client SDK\ODBC\110\Tools\Binn\;C:\Program Files (x86)\Microsoft SQL Server\120\Tools\Binn\;C:\Program Files\Microsoft SQL Server\120\DTS\Binn\;C:\Program Files (x86)\Microsoft SQL Server\120\Tools\Binn\ManagementStudio\;C:\Program Files (x86)\Microsoft SQL Server\120\DTS\Binn\;C:\Program Files\Git\cmd;C:\Program Files\nodejs\;C:\apache-maven-3.6.1\bin;C:\Users\user.MINHTRI\AppData\Local\Microsoft\WindowsApps;C:\Users\user.MINHTRI\AppData\Roaming\npm;C:\Users\user.MINHTRI\AppData\Local\Programs\Microsoft VS Code\bin
USERNAME=user
OS=Windows_NT
PROCESSOR_IDENTIFIER=Intel64 Family 6 Model 61 Stepping 4, GenuineIntel



---------------  S Y S T E M  ---------------

OS: Windows 10.0 , 64 bit Build 17763 (10.0.17763.475)

CPU:total 4 (initial active 4) (2 cores per cpu, 2 threads per core) family 6 model 61 stepping 4, cmov, cx8, fxsr, mmx, sse, sse2, sse3, ssse3, sse4.1, sse4.2, popcnt, avx, avx2, aes, clmul, erms, 3dnowpref, lzcnt, ht, tsc, tscinvbit, bmi1, bmi2, adx

Memory: 4k page, physical 8300384k(1126156k free), swap 12592992k(2320k free)

vm_info: Java HotSpot(TM) 64-Bit Server VM (25.171-b11) for windows-amd64 JRE (1.8.0_171-b11), built on Mar 28 2018 16:06:12 by "java_re" with MS VC++ 10.0 (VS2010)

time: Sat May 25 23:59:31 2019
elapsed time: 5 seconds (0d 0h 0m 5s)

