#
# There is insufficient memory for the Java Runtime Environment to continue.
# Native memory allocation (malloc) failed to allocate 1251216 bytes for Chunk::new
# Possible reasons:
#   The system is out of physical RAM or swap space
#   In 32 bit mode, the process size limit was hit
# Possible solutions:
#   Reduce memory load on the system
#   Increase physical memory or swap space
#   Check if swap backing store is full
#   Use 64 bit Java on a 64 bit OS
#   Decrease Java heap size (-Xmx/-Xms)
#   Decrease number of Java threads
#   Decrease Java thread stack sizes (-Xss)
#   Set larger code cache with -XX:ReservedCodeCacheSize=
# This output file may be truncated or incomplete.
#
#  Out of Memory Error (allocation.cpp:390), pid=16992, tid=0x0000000000001dc0
#
# JRE version: Java(TM) SE Runtime Environment (8.0_171-b11) (build 1.8.0_171-b11)
# Java VM: Java HotSpot(TM) 64-Bit Server VM (25.171-b11 mixed mode windows-amd64 compressed oops)
# Failed to write core dump. Minidumps are not enabled by default on client versions of Windows
#

---------------  T H R E A D  ---------------

Current thread (0x000000001713f000):  JavaThread "C2 CompilerThread1" daemon [_thread_in_native, id=7616, stack(0x00000000188b0000,0x00000000189b0000)]

Stack: [0x00000000188b0000,0x00000000189b0000]
[error occurred during error reporting (printing stack bounds), id 0xc0000005]

Native frames: (J=compiled Java code, j=interpreted, Vv=VM code, C=native code)


Current CompileTask:
C2: 264280 7055       4       org.hibernate.engine.internal.Cascade::cascadeProperty (100 bytes)


---------------  P R O C E S S  ---------------

Java Threads: ( => current thread )
  0x000000001d77c000 JavaThread "clientInboundChannel-16" [_thread_blocked, id=16724, stack(0x0000000025c90000,0x0000000025d90000)]
  0x000000001d779800 JavaThread "clientInboundChannel-15" [_thread_blocked, id=7644, stack(0x0000000025b90000,0x0000000025c90000)]
  0x000000001d779000 JavaThread "clientInboundChannel-14" [_thread_in_native, id=9196, stack(0x0000000025a90000,0x0000000025b90000)]
  0x000000001d771800 JavaThread "clientInboundChannel-13" [_thread_blocked, id=5616, stack(0x0000000025990000,0x0000000025a90000)]
  0x000000001d778000 JavaThread "clientInboundChannel-12" [_thread_blocked, id=16632, stack(0x0000000025890000,0x0000000025990000)]
  0x000000001d770800 JavaThread "WebSocket background processing" daemon [_thread_blocked, id=12860, stack(0x0000000025790000,0x0000000025890000)]
  0x000000001d777800 JavaThread "clientInboundChannel-11" [_thread_blocked, id=8752, stack(0x0000000025690000,0x0000000025790000)]
  0x000000001d770000 JavaThread "clientInboundChannel-10" [_thread_blocked, id=8136, stack(0x0000000025590000,0x0000000025690000)]
  0x000000001d776800 JavaThread "clientInboundChannel-9" [_thread_blocked, id=11520, stack(0x0000000025490000,0x0000000025590000)]
  0x000000001d76f000 JavaThread "clientOutboundChannel-16" [_thread_blocked, id=3368, stack(0x0000000025390000,0x0000000025490000)]
  0x000000001d772000 JavaThread "clientOutboundChannel-15" [_thread_blocked, id=3112, stack(0x0000000025290000,0x0000000025390000)]
  0x000000001d776000 JavaThread "clientOutboundChannel-14" [_thread_blocked, id=15920, stack(0x0000000025190000,0x0000000025290000)]
  0x000000001d76e800 JavaThread "clientOutboundChannel-13" [_thread_blocked, id=10948, stack(0x0000000025090000,0x0000000025190000)]
  0x000000001d774800 JavaThread "clientOutboundChannel-12" [_thread_blocked, id=11016, stack(0x0000000024f90000,0x0000000025090000)]
  0x000000001d775000 JavaThread "clientOutboundChannel-11" [_thread_blocked, id=16776, stack(0x0000000024e90000,0x0000000024f90000)]
  0x000000001d773800 JavaThread "clientOutboundChannel-10" [_thread_blocked, id=7676, stack(0x0000000024d90000,0x0000000024e90000)]
  0x000000001d773000 JavaThread "clientOutboundChannel-9" [_thread_blocked, id=12456, stack(0x0000000024c90000,0x0000000024d90000)]
  0x000000001d76d000 JavaThread "MessageBroker-2" [_thread_blocked, id=15092, stack(0x0000000024b90000,0x0000000024c90000)]
  0x000000001edea800 JavaThread "DestroyJavaVM" [_thread_blocked, id=7156, stack(0x00000000023c0000,0x00000000024c0000)]
  0x000000001edde000 JavaThread "http-nio-8080-Acceptor-0" daemon [_thread_in_native, id=1560, stack(0x0000000023590000,0x0000000023690000)]
  0x000000001ede4800 JavaThread "http-nio-8080-ClientPoller-1" daemon [_thread_in_native, id=7068, stack(0x0000000023370000,0x0000000023470000)]
  0x000000001ede4000 JavaThread "http-nio-8080-ClientPoller-0" daemon [_thread_in_native, id=7724, stack(0x0000000023270000,0x0000000023370000)]
  0x000000001ede3000 JavaThread "http-nio-8080-exec-10" daemon [_thread_blocked, id=16644, stack(0x0000000023170000,0x0000000023270000)]
  0x000000001ede1800 JavaThread "http-nio-8080-exec-9" daemon [_thread_blocked, id=5948, stack(0x0000000023070000,0x0000000023170000)]
  0x000000001edde800 JavaThread "http-nio-8080-exec-8" daemon [_thread_blocked, id=10188, stack(0x0000000022f70000,0x0000000023070000)]
  0x000000001ede0000 JavaThread "http-nio-8080-exec-7" daemon [_thread_blocked, id=8284, stack(0x0000000022e70000,0x0000000022f70000)]
  0x000000001ede2800 JavaThread "http-nio-8080-exec-6" daemon [_thread_blocked, id=10016, stack(0x0000000022d70000,0x0000000022e70000)]
  0x000000001ede1000 JavaThread "http-nio-8080-exec-5" daemon [_thread_blocked, id=14824, stack(0x0000000022c70000,0x0000000022d70000)]
  0x000000001eddf800 JavaThread "http-nio-8080-exec-4" daemon [_thread_blocked, id=896, stack(0x0000000022b70000,0x0000000022c70000)]
  0x000000001eddd000 JavaThread "http-nio-8080-exec-3" daemon [_thread_blocked, id=16344, stack(0x0000000022a70000,0x0000000022b70000)]
  0x000000001df29000 JavaThread "http-nio-8080-exec-2" daemon [_thread_blocked, id=10916, stack(0x0000000022970000,0x0000000022a70000)]
  0x000000001df28800 JavaThread "http-nio-8080-exec-1" daemon [_thread_blocked, id=15756, stack(0x0000000022870000,0x0000000022970000)]
  0x000000001df2f000 JavaThread "NioBlockingSelector.BlockPoller-1" daemon [_thread_in_native, id=1468, stack(0x0000000022770000,0x0000000022870000)]
  0x000000001df2e800 JavaThread "Live Reload Server" daemon [_thread_in_native, id=8056, stack(0x0000000022470000,0x0000000022570000)]
  0x000000001df2d800 JavaThread "File Watcher" daemon [_thread_blocked, id=11440, stack(0x0000000022270000,0x0000000022370000)]
  0x000000001df2b800 JavaThread "MessageBroker-1" [_thread_blocked, id=1940, stack(0x0000000022170000,0x0000000022270000)]
  0x000000001df2a800 JavaThread "container-0" [_thread_blocked, id=13488, stack(0x0000000020e50000,0x0000000020f50000)]
  0x000000001df2a000 JavaThread "Catalina-utility-2" [_thread_blocked, id=13112, stack(0x0000000020d50000,0x0000000020e50000)]
  0x000000001df2c000 JavaThread "Catalina-utility-1" [_thread_blocked, id=15992, stack(0x0000000020980000,0x0000000020a80000)]
  0x000000001df2d000 JavaThread "mysql-cj-abandoned-connection-cleanup" daemon [_thread_blocked, id=5552, stack(0x000000001e3e0000,0x000000001e4e0000)]
  0x0000000018a2c800 JavaThread "Service Thread" daemon [_thread_blocked, id=10256, stack(0x0000000018eb0000,0x0000000018fb0000)]
  0x00000000189b0800 JavaThread "C1 CompilerThread2" daemon [_thread_blocked, id=16044, stack(0x0000000018db0000,0x0000000018eb0000)]
=>0x000000001713f000 JavaThread "C2 CompilerThread1" daemon [_thread_in_native, id=7616, stack(0x00000000188b0000,0x00000000189b0000)]
  0x000000001713d000 JavaThread "C2 CompilerThread0" daemon [_thread_in_native, id=16416, stack(0x00000000187b0000,0x00000000188b0000)]
  0x000000001713c000 JavaThread "Attach Listener" daemon [_thread_blocked, id=15980, stack(0x00000000186b0000,0x00000000187b0000)]
  0x000000001718e800 JavaThread "Signal Dispatcher" daemon [_thread_blocked, id=1448, stack(0x00000000185b0000,0x00000000186b0000)]
  0x00000000025bc800 JavaThread "Finalizer" daemon [_thread_blocked, id=8440, stack(0x0000000018390000,0x0000000018490000)]
  0x00000000170f8800 JavaThread "Reference Handler" daemon [_thread_blocked, id=14300, stack(0x0000000018290000,0x0000000018390000)]

Other Threads:
  0x00000000170f7800 VMThread [stack: 0x0000000018190000,0x0000000018290000] [id=13784]
  0x0000000018a4e800 WatcherThread [stack: 0x0000000018fb0000,0x00000000190b0000] [id=14852]

VM state:not at safepoint (normal execution)

VM Mutex/Monitor currently owned by a thread: None

Heap:
 PSYoungGen      total 182784K, used 123302K [0x00000000d5c00000, 0x00000000e2300000, 0x0000000100000000)
  eden space 166912K, 73% used [0x00000000d5c00000,0x00000000dd469bb8,0x00000000dff00000)
  from space 15872K, 0% used [0x00000000e1380000,0x00000000e1380000,0x00000000e2300000)
  to   space 18432K, 0% used [0x00000000dff00000,0x00000000dff00000,0x00000000e1100000)
 ParOldGen       total 152064K, used 29256K [0x0000000081400000, 0x000000008a880000, 0x00000000d5c00000)
  object space 152064K, 19% used [0x0000000081400000,0x00000000830923e0,0x000000008a880000)
 Metaspace       used 63926K, capacity 66222K, committed 66328K, reserved 1105920K
  class space    used 8565K, capacity 8968K, committed 9000K, reserved 1048576K

Card table byte_map: [0x0000000011980000,0x0000000011d80000] byte_map_base: 0x0000000011576000

Marking Bits: (ParMarkBitMap*) 0x00000000771d08c0
 Begin Bits: [0x0000000012430000, 0x00000000143e0000)
 End Bits:   [0x00000000143e0000, 0x0000000016390000)

Polling page: 0x0000000000c00000

CodeCache: size=245760Kb used=19278Kb max_used=19654Kb free=226481Kb
 bounds [0x00000000025c0000, 0x0000000003910000, 0x00000000115c0000]
 total_blobs=6660 nmethods=6100 adapters=471
 compilation: enabled

Compilation events (10 events):
Event: 264.094 Thread 0x00000000189b0800 7072       1       org.hibernate.engine.query.spi.AbstractParameterDescriptor::getPosition (2 bytes)
Event: 264.095 Thread 0x00000000189b0800 nmethod 7072 0x0000000002a98c90 code [0x0000000002a98de0, 0x0000000002a98ef0]
Event: 264.095 Thread 0x00000000189b0800 7073       1       org.hibernate.query.internal.QueryParameterBindingImpl::getBindType (5 bytes)
Event: 264.095 Thread 0x00000000189b0800 nmethod 7073 0x0000000002f525d0 code [0x0000000002f52720, 0x0000000002f52830]
Event: 264.095 Thread 0x00000000189b0800 7074       1       org.hibernate.query.internal.QueryParameterBindingImpl::getBindValue (5 bytes)
Event: 264.095 Thread 0x00000000189b0800 nmethod 7074 0x0000000002f522d0 code [0x0000000002f52420, 0x0000000002f52530]
Event: 264.110 Thread 0x00000000189b0800 7075       1       org.hibernate.query.internal.QueryImpl::getQueryString (5 bytes)
Event: 264.111 Thread 0x00000000189b0800 nmethod 7075 0x0000000002e088d0 code [0x0000000002e08a20, 0x0000000002e08b30]
Event: 264.141 Thread 0x00000000189b0800 7076       3       org.hibernate.query.internal.ParameterMetadataImpl::containsReference (32 bytes)
Event: 264.141 Thread 0x00000000189b0800 nmethod 7076 0x000000000302ce10 code [0x000000000302cfa0, 0x000000000302d338]

GC Heap History (10 events):
Event: 10.463 GC heap before
{Heap before GC invocations=9 (full 1):
 PSYoungGen      total 138240K, used 114277K [0x00000000d5c00000, 0x00000000e0280000, 0x0000000100000000)
  eden space 129024K, 81% used [0x00000000d5c00000,0x00000000dc29aef0,0x00000000dda00000)
  from space 9216K, 99% used [0x00000000dda00000,0x00000000de2fe6b0,0x00000000de300000)
  to   space 11264K, 0% used [0x00000000df780000,0x00000000df780000,0x00000000e0280000)
 ParOldGen       total 59392K, used 8045K [0x0000000081400000, 0x0000000084e00000, 0x00000000d5c00000)
  object space 59392K, 13% used [0x0000000081400000,0x0000000081bdb6f8,0x0000000084e00000)
 Metaspace       used 33933K, capacity 35408K, committed 35496K, reserved 1079296K
  class space    used 4376K, capacity 4691K, committed 4776K, reserved 1048576K
Event: 10.490 GC heap after
Heap after GC invocations=9 (full 1):
 PSYoungGen      total 156672K, used 11253K [0x00000000d5c00000, 0x00000000e3100000, 0x0000000100000000)
  eden space 145408K, 0% used [0x00000000d5c00000,0x00000000d5c00000,0x00000000dea00000)
  from space 11264K, 99% used [0x00000000df780000,0x00000000e027d458,0x00000000e0280000)
  to   space 13824K, 0% used [0x00000000dea00000,0x00000000dea00000,0x00000000df780000)
 ParOldGen       total 59392K, used 11075K [0x0000000081400000, 0x0000000084e00000, 0x00000000d5c00000)
  object space 59392K, 18% used [0x0000000081400000,0x0000000081ed0f28,0x0000000084e00000)
 Metaspace       used 33933K, capacity 35408K, committed 35496K, reserved 1079296K
  class space    used 4376K, capacity 4691K, committed 4776K, reserved 1048576K
}
Event: 10.490 GC heap before
{Heap before GC invocations=10 (full 2):
 PSYoungGen      total 156672K, used 11253K [0x00000000d5c00000, 0x00000000e3100000, 0x0000000100000000)
  eden space 145408K, 0% used [0x00000000d5c00000,0x00000000d5c00000,0x00000000dea00000)
  from space 11264K, 99% used [0x00000000df780000,0x00000000e027d458,0x00000000e0280000)
  to   space 13824K, 0% used [0x00000000dea00000,0x00000000dea00000,0x00000000df780000)
 ParOldGen       total 59392K, used 11075K [0x0000000081400000, 0x0000000084e00000, 0x00000000d5c00000)
  object space 59392K, 18% used [0x0000000081400000,0x0000000081ed0f28,0x0000000084e00000)
 Metaspace       used 33933K, capacity 35408K, committed 35496K, reserved 1079296K
  class space    used 4376K, capacity 4691K, committed 4776K, reserved 1048576K
Event: 10.805 GC heap after
Heap after GC invocations=10 (full 2):
 PSYoungGen      total 156672K, used 0K [0x00000000d5c00000, 0x00000000e3100000, 0x0000000100000000)
  eden space 145408K, 0% used [0x00000000d5c00000,0x00000000d5c00000,0x00000000dea00000)
  from space 11264K, 0% used [0x00000000df780000,0x00000000df780000,0x00000000e0280000)
  to   space 13824K, 0% used [0x00000000dea00000,0x00000000dea00000,0x00000000df780000)
 ParOldGen       total 105984K, used 18824K [0x0000000081400000, 0x0000000087b80000, 0x00000000d5c00000)
  object space 105984K, 17% used [0x0000000081400000,0x0000000082662330,0x0000000087b80000)
 Metaspace       used 33933K, capacity 35408K, committed 35496K, reserved 1079296K
  class space    used 4376K, capacity 4691K, committed 4776K, reserved 1048576K
}
Event: 15.224 GC heap before
{Heap before GC invocations=11 (full 2):
 PSYoungGen      total 156672K, used 145408K [0x00000000d5c00000, 0x00000000e3100000, 0x0000000100000000)
  eden space 145408K, 100% used [0x00000000d5c00000,0x00000000dea00000,0x00000000dea00000)
  from space 11264K, 0% used [0x00000000df780000,0x00000000df780000,0x00000000e0280000)
  to   space 13824K, 0% used [0x00000000dea00000,0x00000000dea00000,0x00000000df780000)
 ParOldGen       total 105984K, used 18824K [0x0000000081400000, 0x0000000087b80000, 0x00000000d5c00000)
  object space 105984K, 17% used [0x0000000081400000,0x0000000082662330,0x0000000087b80000)
 Metaspace       used 49343K, capacity 51022K, committed 51368K, reserved 1093632K
  class space    used 6721K, capacity 7038K, committed 7080K, reserved 1048576K
Event: 15.254 GC heap after
Heap after GC invocations=11 (full 2):
 PSYoungGen      total 159232K, used 13823K [0x00000000d5c00000, 0x00000000e2400000, 0x0000000100000000)
  eden space 145408K, 0% used [0x00000000d5c00000,0x00000000d5c00000,0x00000000dea00000)
  from space 13824K, 99% used [0x00000000dea00000,0x00000000df77fc08,0x00000000df780000)
  to   space 16896K, 0% used [0x00000000e1380000,0x00000000e1380000,0x00000000e2400000)
 ParOldGen       total 105984K, used 21426K [0x0000000081400000, 0x0000000087b80000, 0x00000000d5c00000)
  object space 105984K, 20% used [0x0000000081400000,0x00000000828ec8a8,0x0000000087b80000)
 Metaspace       used 49343K, capacity 51022K, committed 51368K, reserved 1093632K
  class space    used 6721K, capacity 7038K, committed 7080K, reserved 1048576K
}
Event: 39.281 GC heap before
{Heap before GC invocations=12 (full 2):
 PSYoungGen      total 159232K, used 149219K [0x00000000d5c00000, 0x00000000e2400000, 0x0000000100000000)
  eden space 145408K, 93% used [0x00000000d5c00000,0x00000000de039268,0x00000000dea00000)
  from space 13824K, 99% used [0x00000000dea00000,0x00000000df77fc08,0x00000000df780000)
  to   space 16896K, 0% used [0x00000000e1380000,0x00000000e1380000,0x00000000e2400000)
 ParOldGen       total 105984K, used 21426K [0x0000000081400000, 0x0000000087b80000, 0x00000000d5c00000)
  object space 105984K, 20% used [0x0000000081400000,0x00000000828ec8a8,0x0000000087b80000)
 Metaspace       used 57026K, capacity 59120K, committed 59160K, reserved 1099776K
  class space    used 7795K, capacity 8193K, committed 8232K, reserved 1048576K
Event: 39.341 GC heap after
Heap after GC invocations=12 (full 2):
 PSYoungGen      total 182784K, used 15079K [0x00000000d5c00000, 0x00000000e2300000, 0x0000000100000000)
  eden space 166912K, 0% used [0x00000000d5c00000,0x00000000d5c00000,0x00000000dff00000)
  from space 15872K, 95% used [0x00000000e1380000,0x00000000e2239df0,0x00000000e2300000)
  to   space 18432K, 0% used [0x00000000dff00000,0x00000000dff00000,0x00000000e1100000)
 ParOldGen       total 105984K, used 21434K [0x0000000081400000, 0x0000000087b80000, 0x00000000d5c00000)
  object space 105984K, 20% used [0x0000000081400000,0x00000000828ee8a8,0x0000000087b80000)
 Metaspace       used 57026K, capacity 59120K, committed 59160K, reserved 1099776K
  class space    used 7795K, capacity 8193K, committed 8232K, reserved 1048576K
}
Event: 39.341 GC heap before
{Heap before GC invocations=13 (full 3):
 PSYoungGen      total 182784K, used 15079K [0x00000000d5c00000, 0x00000000e2300000, 0x0000000100000000)
  eden space 166912K, 0% used [0x00000000d5c00000,0x00000000d5c00000,0x00000000dff00000)
  from space 15872K, 95% used [0x00000000e1380000,0x00000000e2239df0,0x00000000e2300000)
  to   space 18432K, 0% used [0x00000000dff00000,0x00000000dff00000,0x00000000e1100000)
 ParOldGen       total 105984K, used 21434K [0x0000000081400000, 0x0000000087b80000, 0x00000000d5c00000)
  object space 105984K, 20% used [0x0000000081400000,0x00000000828ee8a8,0x0000000087b80000)
 Metaspace       used 57026K, capacity 59120K, committed 59160K, reserved 1099776K
  class space    used 7795K, capacity 8193K, committed 8232K, reserved 1048576K
Event: 39.702 GC heap after
Heap after GC invocations=13 (full 3):
 PSYoungGen      total 182784K, used 0K [0x00000000d5c00000, 0x00000000e2300000, 0x0000000100000000)
  eden space 166912K, 0% used [0x00000000d5c00000,0x00000000d5c00000,0x00000000dff00000)
  from space 15872K, 0% used [0x00000000e1380000,0x00000000e1380000,0x00000000e2300000)
  to   space 18432K, 0% used [0x00000000dff00000,0x00000000dff00000,0x00000000e1100000)
 ParOldGen       total 152064K, used 29256K [0x0000000081400000, 0x000000008a880000, 0x00000000d5c00000)
  object space 152064K, 19% used [0x0000000081400000,0x00000000830923e0,0x000000008a880000)
 Metaspace       used 57011K, capacity 59096K, committed 59160K, reserved 1099776K
  class space    used 7793K, capacity 8189K, committed 8232K, reserved 1048576K
}

Deoptimization events (10 events):
Event: 62.628 Thread 0x000000001eddf800 Uncommon trap: reason=bimorphic action=maybe_recompile pc=0x0000000003645ff8 method=java.net.URL.<init>(Ljava/net/URL;Ljava/lang/String;Ljava/net/URLStreamHandler;)V @ 504
Event: 62.628 Thread 0x000000001eddf800 Uncommon trap: reason=class_check action=maybe_recompile pc=0x0000000003330cd8 method=java.net.URLStreamHandler.parseURL(Ljava/net/URL;Ljava/lang/String;II)V @ 1189
Event: 62.631 Thread 0x000000001eddf800 Uncommon trap: reason=unstable_if action=reinterpret pc=0x0000000003646428 method=sun.net.www.protocol.jar.Handler.parseURL(Ljava/net/URL;Ljava/lang/String;II)V @ 94
Event: 62.703 Thread 0x000000001eddf800 Uncommon trap: reason=bimorphic action=maybe_recompile pc=0x000000000283b958 method=java.util.Properties$LineReader.readLine()I @ 410
Event: 62.842 Thread 0x000000001eddf800 Uncommon trap: reason=class_check action=maybe_recompile pc=0x00000000029d10d4 method=java.util.Collections$SynchronizedCollection.add(Ljava/lang/Object;)Z @ 12
Event: 62.942 Thread 0x000000001eddf800 Uncommon trap: reason=unstable_if action=reinterpret pc=0x00000000029afc94 method=java.nio.Buffer.<init>(IIII)V @ 66
Event: 62.945 Thread 0x000000001eddf800 Uncommon trap: reason=unstable_if action=reinterpret pc=0x0000000003206a00 method=java.nio.Buffer.limit(I)Ljava/nio/Buffer; @ 33
Event: 62.945 Thread 0x000000001eddf800 Uncommon trap: reason=unstable_if action=reinterpret pc=0x0000000003204468 method=java.nio.Buffer.<init>(IIII)V @ 66
Event: 62.950 Thread 0x000000001eddf800 Uncommon trap: reason=unstable_if action=reinterpret pc=0x0000000002fe2c58 method=java.nio.Buffer.position(I)Ljava/nio/Buffer; @ 33
Event: 62.998 Thread 0x000000001eddf800 Uncommon trap: reason=null_check action=make_not_entrant pc=0x0000000003606f3c method=org.springframework.core.annotation.AnnotationUtils.findAnnotation(Ljava/lang/Class;Ljava/lang/Class;Ljava/util/Set;)Ljava/lang/annotation/Annotation; @ 148

Classes redefined (0 events):
No events

Internal exceptions (10 events):
Event: 17.005 Thread 0x00000000197cc000 Exception <a 'java/lang/ClassNotFoundException': org/springframework/beans/factory/AwareCustomizer> (0x00000000d7f5f850) thrown at [C:\re\workspace\8-2-build-windows-amd64-cygwin\jdk8u171\10807\hotspot\src\share\vm\classfile\systemDictionary.cpp, line 210
Event: 17.633 Thread 0x00000000197cc000 Exception <a 'java/lang/ClassNotFoundException': java/lang/ObjectCustomizer> (0x00000000d8ef9430) thrown at [C:\re\workspace\8-2-build-windows-amd64-cygwin\jdk8u171\10807\hotspot\src\share\vm\classfile\systemDictionary.cpp, line 210]
Event: 17.634 Thread 0x00000000197cc000 Exception <a 'java/lang/ClassNotFoundException': org/springframework/web/socket/config/annotation/WebSocketConfigurationSupportCustomizer> (0x00000000d8f19558) thrown at [C:\re\workspace\8-2-build-windows-amd64-cygwin\jdk8u171\10807\hotspot\src\share\vm\c
Event: 17.638 Thread 0x00000000197cc000 Exception <a 'java/lang/ClassNotFoundException': org/springframework/web/socket/config/annotation/DelegatingWebSocketConfigurationCustomizer> (0x00000000d8f38f90) thrown at [C:\re\workspace\8-2-build-windows-amd64-cygwin\jdk8u171\10807\hotspot\src\share\v
Event: 17.641 Thread 0x00000000197cc000 Exception <a 'java/lang/ClassNotFoundException': org/springframework/web/socket/config/annotation/DelegatingWebSocketConfiguration$$EnhancerBySpringCGLIB$$fb82ac59Customizer> (0x00000000d8f6eb80) thrown at [C:\re\workspace\8-2-build-windows-amd64-cygwin\j
Event: 17.659 Thread 0x00000000197cc000 Exception <a 'java/lang/ClassNotFoundException': org/springframework/context/annotation/ConfigurationClassEnhancer$EnhancedConfigurationCustomizer> (0x00000000d8f97b88) thrown at [C:\re\workspace\8-2-build-windows-amd64-cygwin\jdk8u171\10807\hotspot\src\s
Event: 17.660 Thread 0x00000000197cc000 Exception <a 'java/lang/ClassNotFoundException': org/springframework/beans/factory/BeanFactoryAwareCustomizer> (0x00000000d8fad650) thrown at [C:\re\workspace\8-2-build-windows-amd64-cygwin\jdk8u171\10807\hotspot\src\share\vm\classfile\systemDictionary.cp
Event: 17.661 Thread 0x00000000197cc000 Exception <a 'java/lang/ClassNotFoundException': org/springframework/beans/factory/AwareCustomizer> (0x00000000d8fc16f0) thrown at [C:\re\workspace\8-2-build-windows-amd64-cygwin\jdk8u171\10807\hotspot\src\share\vm\classfile\systemDictionary.cpp, line 210
Event: 38.704 Thread 0x000000001ede3000 Exception <a 'java/net/UnknownHostException': MinhTri.stu.edu.vn> (0x00000000dd4f2d38) thrown at [C:\re\workspace\8-2-build-windows-amd64-cygwin\jdk8u171\10807\hotspot\src\share\vm\prims\jni.cpp, line 735]
Event: 262.545 Thread 0x000000001df28800 Exception <a 'java/net/UnknownHostException': MinhTri.stu.edu.vn> (0x00000000dc9fd750) thrown at [C:\re\workspace\8-2-build-windows-amd64-cygwin\jdk8u171\10807\hotspot\src\share\vm\prims\jni.cpp, line 735]

Events (10 events):
Event: 263.330 Thread 0x00000000189b0800 flushing nmethod 0x0000000003534010
Event: 263.331 Thread 0x00000000189b0800 flushing nmethod 0x000000000356cdd0
Event: 263.333 Thread 0x00000000189b0800 flushing nmethod 0x00000000035e2ad0
Event: 263.333 Thread 0x00000000189b0800 flushing nmethod 0x00000000035ec190
Event: 263.333 Thread 0x00000000189b0800 flushing nmethod 0x00000000035ecbd0
Event: 263.333 Thread 0x00000000189b0800 flushing nmethod 0x00000000035f3dd0
Event: 263.732 loading class java/util/concurrent/ConcurrentLinkedQueue$Itr
Event: 263.732 loading class java/util/concurrent/ConcurrentLinkedQueue$Itr done
Event: 263.732 loading class org/hibernate/internal/util/collections/BoundedConcurrentHashMap$1
Event: 263.732 loading class org/hibernate/internal/util/collections/BoundedConcurrentHashMap$1 done


Dynamic libraries:
0x00007ff71d660000 - 0x00007ff71d697000 	C:\Program Files\Java\jdk1.8.0_171\bin\java.exe
0x00007ffeb47b0000 - 0x00007ffeb499d000 	C:\WINDOWS\SYSTEM32\ntdll.dll
0x00007ffeb4070000 - 0x00007ffeb4123000 	C:\WINDOWS\System32\KERNEL32.DLL
0x00007ffeb1540000 - 0x00007ffeb17d3000 	C:\WINDOWS\System32\KERNELBASE.dll
0x00007ffeb2a70000 - 0x00007ffeb2b13000 	C:\WINDOWS\System32\ADVAPI32.dll
0x00007ffeb2320000 - 0x00007ffeb23be000 	C:\WINDOWS\System32\msvcrt.dll
0x00007ffeb2520000 - 0x00007ffeb25be000 	C:\WINDOWS\System32\sechost.dll
0x00007ffeb23c0000 - 0x00007ffeb24e2000 	C:\WINDOWS\System32\RPCRT4.dll
0x00007ffeb26a0000 - 0x00007ffeb2837000 	C:\WINDOWS\System32\USER32.dll
0x00007ffeb11d0000 - 0x00007ffeb11f0000 	C:\WINDOWS\System32\win32u.dll
0x00007ffeb1ff0000 - 0x00007ffeb2019000 	C:\WINDOWS\System32\GDI32.dll
0x00007ffeb17e0000 - 0x00007ffeb1979000 	C:\WINDOWS\System32\gdi32full.dll
0x00007ffeb1320000 - 0x00007ffeb13c0000 	C:\WINDOWS\System32\msvcp_win.dll
0x00007ffeb13c0000 - 0x00007ffeb14ba000 	C:\WINDOWS\System32\ucrtbase.dll
0x00007ffe92090000 - 0x00007ffe92309000 	C:\WINDOWS\WinSxS\amd64_microsoft.windows.common-controls_6595b64144ccf1df_6.0.17763.615_none_05b4414a072024d4\COMCTL32.dll
0x00007ffeb19e0000 - 0x00007ffeb1d0c000 	C:\WINDOWS\System32\combase.dll
0x00007ffeb11f0000 - 0x00007ffeb126e000 	C:\WINDOWS\System32\bcryptPrimitives.dll
0x00007ffeb24f0000 - 0x00007ffeb251e000 	C:\WINDOWS\System32\IMM32.DLL
0x0000000050130000 - 0x0000000050202000 	C:\Program Files\Java\jdk1.8.0_171\jre\bin\msvcr100.dll
0x00000000769b0000 - 0x0000000077250000 	C:\Program Files\Java\jdk1.8.0_171\jre\bin\server\jvm.dll
0x00007ffeb29b0000 - 0x00007ffeb29b8000 	C:\WINDOWS\System32\PSAPI.DLL
0x00007ffe9ffe0000 - 0x00007ffe9ffe9000 	C:\WINDOWS\SYSTEM32\WSOCK32.dll
0x00007ffead0b0000 - 0x00007ffead0d4000 	C:\WINDOWS\SYSTEM32\WINMM.dll
0x00007ffea6a60000 - 0x00007ffea6a6a000 	C:\WINDOWS\SYSTEM32\VERSION.dll
0x00007ffeb46f0000 - 0x00007ffeb475d000 	C:\WINDOWS\System32\WS2_32.dll
0x00007ffead080000 - 0x00007ffead0ad000 	C:\WINDOWS\SYSTEM32\WINMMBASE.dll
0x00007ffeb14c0000 - 0x00007ffeb150a000 	C:\WINDOWS\System32\cfgmgr32.dll
0x00000000503b0000 - 0x00000000503bf000 	C:\Program Files\Java\jdk1.8.0_171\jre\bin\verify.dll
0x00000000500c0000 - 0x00000000500e9000 	C:\Program Files\Java\jdk1.8.0_171\jre\bin\java.dll
0x0000000077df0000 - 0x0000000077e06000 	C:\Program Files\Java\jdk1.8.0_171\jre\bin\zip.dll
0x00007ffeb2b20000 - 0x00007ffeb4010000 	C:\WINDOWS\System32\SHELL32.dll
0x00007ffeb29c0000 - 0x00007ffeb2a68000 	C:\WINDOWS\System32\shcore.dll
0x00007ffeb0a80000 - 0x00007ffeb11ca000 	C:\WINDOWS\System32\windows.storage.dll
0x00007ffeb07d0000 - 0x00007ffeb07f4000 	C:\WINDOWS\System32\profapi.dll
0x00007ffeb0820000 - 0x00007ffeb087d000 	C:\WINDOWS\System32\powrprof.dll
0x00007ffeb2020000 - 0x00007ffeb2072000 	C:\WINDOWS\System32\shlwapi.dll
0x00007ffeb0800000 - 0x00007ffeb0811000 	C:\WINDOWS\System32\kernel.appcore.dll
0x00007ffeb0880000 - 0x00007ffeb0897000 	C:\WINDOWS\System32\cryptsp.dll
0x00000000500b0000 - 0x00000000500bd000 	C:\Program Files\Java\jdk1.8.0_171\jre\bin\management.dll
0x0000000077dd0000 - 0x0000000077dea000 	C:\Program Files\Java\jdk1.8.0_171\jre\bin\net.dll
0x00007ffeaffc0000 - 0x00007ffeb0027000 	C:\WINDOWS\system32\mswsock.dll
0x00007ffea9f30000 - 0x00007ffea9f46000 	C:\WINDOWS\system32\napinsp.dll
0x00007ffea9d20000 - 0x00007ffea9d3a000 	C:\WINDOWS\system32\pnrpnsp.dll
0x00007ffeafd70000 - 0x00007ffeafe36000 	C:\WINDOWS\SYSTEM32\DNSAPI.dll
0x00007ffeb2100000 - 0x00007ffeb2108000 	C:\WINDOWS\System32\NSI.dll
0x00007ffeafd20000 - 0x00007ffeafd5d000 	C:\WINDOWS\SYSTEM32\IPHLPAPI.DLL
0x00007ffeaa810000 - 0x00007ffeaa81e000 	C:\WINDOWS\System32\winrnr.dll
0x00007ffead400000 - 0x00007ffead41b000 	C:\WINDOWS\system32\NLAapi.dll
0x00007ffe81390000 - 0x00007ffe813a5000 	C:\WINDOWS\system32\wshbth.dll
0x0000000077d10000 - 0x0000000077d36000 	C:\Program Files\Bonjour\mdnsNSP.dll
0x00007ffea20b0000 - 0x00007ffea20ba000 	C:\Windows\System32\rasadhlp.dll
0x00007ffea3a20000 - 0x00007ffea3a99000 	C:\WINDOWS\System32\fwpuclnt.dll
0x00007ffeb1510000 - 0x00007ffeb1536000 	C:\WINDOWS\System32\bcrypt.dll
0x0000000077db0000 - 0x0000000077dc1000 	C:\Program Files\Java\jdk1.8.0_171\jre\bin\nio.dll
0x00007ffeafb80000 - 0x00007ffeafbb3000 	C:\WINDOWS\system32\rsaenh.dll
0x00007ffeb06e0000 - 0x00007ffeb0708000 	C:\WINDOWS\SYSTEM32\USERENV.dll
0x00007ffeb0190000 - 0x00007ffeb019c000 	C:\WINDOWS\SYSTEM32\CRYPTBASE.dll
0x00007ffea6a40000 - 0x00007ffea6a56000 	C:\WINDOWS\SYSTEM32\dhcpcsvc6.DLL
0x00007ffea6fa0000 - 0x00007ffea6fbc000 	C:\WINDOWS\SYSTEM32\dhcpcsvc.DLL
0x00000000779c0000 - 0x00000000779e4000 	C:\Program Files\Java\jdk1.8.0_171\jre\bin\sunec.dll

VM Arguments:
java_command: com.tezamess.main.AppchatApplication
java_class_path (initial): F:\tezamess\target\classes;C:\Users\user.MINHTRI\.m2\repository\org\springframework\boot\spring-boot-starter-web\2.1.4.RELEASE\spring-boot-starter-web-2.1.4.RELEASE.jar;C:\Users\user.MINHTRI\.m2\repository\org\springframework\boot\spring-boot-starter\2.1.4.RELEASE\spring-boot-starter-2.1.4.RELEASE.jar;C:\Users\user.MINHTRI\.m2\repository\org\springframework\boot\spring-boot-starter-logging\2.1.4.RELEASE\spring-boot-starter-logging-2.1.4.RELEASE.jar;C:\Users\user.MINHTRI\.m2\repository\ch\qos\logback\logback-classic\1.2.3\logback-classic-1.2.3.jar;C:\Users\user.MINHTRI\.m2\repository\ch\qos\logback\logback-core\1.2.3\logback-core-1.2.3.jar;C:\Users\user.MINHTRI\.m2\repository\org\apache\logging\log4j\log4j-to-slf4j\2.11.2\log4j-to-slf4j-2.11.2.jar;C:\Users\user.MINHTRI\.m2\repository\org\apache\logging\log4j\log4j-api\2.11.2\log4j-api-2.11.2.jar;C:\Users\user.MINHTRI\.m2\repository\org\slf4j\jul-to-slf4j\1.7.26\jul-to-slf4j-1.7.26.jar;C:\Users\user.MINHTRI\.m2\repository\javax\annotation\javax.annotation-api\1.3.2\javax.annotation-api-1.3.2.jar;C:\Users\user.MINHTRI\.m2\repository\org\yaml\snakeyaml\1.23\snakeyaml-1.23.jar;C:\Users\user.MINHTRI\.m2\repository\org\springframework\boot\spring-boot-starter-json\2.1.4.RELEASE\spring-boot-starter-json-2.1.4.RELEASE.jar;C:\Users\user.MINHTRI\.m2\repository\com\fasterxml\jackson\core\jackson-databind\2.9.8\jackson-databind-2.9.8.jar;C:\Users\user.MINHTRI\.m2\repository\com\fasterxml\jackson\core\jackson-annotations\2.9.0\jackson-annotations-2.9.0.jar;C:\Users\user.MINHTRI\.m2\repository\com\fasterxml\jackson\core\jackson-core\2.9.8\jackson-core-2.9.8.jar;C:\Users\user.MINHTRI\.m2\repository\com\fasterxml\jackson\datatype\jackson-datatype-jdk8\2.9.8\jackson-datatype-jdk8-2.9.8.jar;C:\Users\user.MINHTRI\.m2\repository\com\fasterxml\jackson\datatype\jackson-datatype-jsr310\2.9.8\jackson-datatype-jsr310-2.9.8.jar;C:\Users\user.MINHTRI\.m2\repository\com\fasterxml\jackson\module\jackson-module-parame
Launcher Type: SUN_STANDARD

Environment Variables:
JAVA_HOME=C:\Program Files\Java\jdk1.8.0_171
JRE_HOME=C:\Program Files\Java\jre1.8.0_211
PATH=C:\Program Files (x86)\Common Files\Oracle\Java\javapath;%JDK_HOME%\bin;%M2_HOME%\bin;C:\ProgramData\Oracle\Java\javapath;C:\WINDOWS\system32;C:\WINDOWS;C:\WINDOWS\System32\Wbem;C:\WINDOWS\System32\WindowsPowerShell\v1.0\;C:\Program Files (x86)\Skype\Phone\;C:\Program Files (x86)\Microsoft SQL Server\100\Tools\Binn\;C:\Program Files\Microsoft SQL Server\100\Tools\Binn\;C:\Program Files\Microsoft SQL Server\100\DTS\Binn\;C:\Program Files\dotnet\;C:\Program Files\Intel\WiFi\bin\;C:\Program Files\Common Files\Intel\WirelessCommon\;C:\WINDOWS\System32\OpenSSH\;C:\Program Files\Microsoft SQL Server\130\Tools\Binn\;C:\Program Files\Microsoft SQL Server\120\Tools\Binn\;C:\Program Files\Microsoft SQL Server\Client SDK\ODBC\110\Tools\Binn\;C:\Program Files (x86)\Microsoft SQL Server\120\Tools\Binn\;C:\Program Files\Microsoft SQL Server\120\DTS\Binn\;C:\Program Files (x86)\Microsoft SQL Server\120\Tools\Binn\ManagementStudio\;C:\Program Files (x86)\Microsoft SQL Server\120\DTS\Binn\;C:\Program Files\Git\cmd;C:\Program Files\nodejs\;C:\apache-maven-3.6.1\bin;C:\Users\user.MINHTRI\AppData\Local\Microsoft\WindowsApps;C:\Users\user.MINHTRI\AppData\Roaming\npm;C:\Users\user.MINHTRI\AppData\Local\Programs\Microsoft VS Code\bin
USERNAME=user
OS=Windows_NT
PROCESSOR_IDENTIFIER=Intel64 Family 6 Model 61 Stepping 4, GenuineIntel



---------------  S Y S T E M  ---------------

OS: Windows 10.0 , 64 bit Build 17763 (10.0.17763.475)

CPU:total 4 (initial active 4) (2 cores per cpu, 2 threads per core) family 6 model 61 stepping 4, cmov, cx8, fxsr, mmx, sse, sse2, sse3, ssse3, sse4.1, sse4.2, popcnt, avx, avx2, aes, clmul, erms, 3dnowpref, lzcnt, ht, tsc, tscinvbit, bmi1, bmi2, adx

Memory: 4k page, physical 8300384k(796140k free), swap 12592992k(5392k free)

vm_info: Java HotSpot(TM) 64-Bit Server VM (25.171-b11) for windows-amd64 JRE (1.8.0_171-b11), built on Mar 28 2018 16:06:12 by "java_re" with MS VC++ 10.0 (VS2010)

time: Sat Aug 03 12:38:51 2019
elapsed time: 264 seconds (0d 0h 4m 24s)

