#
# There is insufficient memory for the Java Runtime Environment to continue.
# Native memory allocation (malloc) failed to allocate 1852048 bytes for Chunk::new
# Possible reasons:
#   The system is out of physical RAM or swap space
#   In 32 bit mode, the process size limit was hit
# Possible solutions:
#   Reduce memory load on the system
#   Increase physical memory or swap space
#   Check if swap backing store is full
#   Use 64 bit Java on a 64 bit OS
#   Decrease Java heap size (-Xmx/-Xms)
#   Decrease number of Java threads
#   Decrease Java thread stack sizes (-Xss)
#   Set larger code cache with -XX:ReservedCodeCacheSize=
# This output file may be truncated or incomplete.
#
#  Out of Memory Error (allocation.cpp:390), pid=15052, tid=0x000000000000336c
#
# JRE version: Java(TM) SE Runtime Environment (8.0_171-b11) (build 1.8.0_171-b11)
# Java VM: Java HotSpot(TM) 64-Bit Server VM (25.171-b11 mixed mode windows-amd64 compressed oops)
# Failed to write core dump. Minidumps are not enabled by default on client versions of Windows
#

---------------  T H R E A D  ---------------

Current thread (0x0000000017a8c000):  JavaThread "C2 CompilerThread0" daemon [_thread_in_native, id=13164, stack(0x00000000190e0000,0x00000000191e0000)]

Stack: [0x00000000190e0000,0x00000000191e0000]
[error occurred during error reporting (printing stack bounds), id 0xc0000005]

Native frames: (J=compiled Java code, j=interpreted, Vv=VM code, C=native code)


Current CompileTask:
C2:  34978 5377       4       java.net.URLClassLoader$1::run (5 bytes)


---------------  P R O C E S S  ---------------

Java Threads: ( => current thread )
  0x000000001d39e800 JavaThread "clientOutboundChannel-8" [_thread_new, id=7440, stack(0x0000000000000000,0x0000000000000000)]
  0x000000001d39c800 JavaThread "clientOutboundChannel-7" [_thread_new, id=9800, stack(0x0000000000000000,0x0000000000000000)]
  0x000000001d39b800 JavaThread "clientOutboundChannel-6" [_thread_new, id=12112, stack(0x0000000000000000,0x0000000000000000)]
  0x000000001d399800 JavaThread "clientOutboundChannel-5" [_thread_new, id=16480, stack(0x0000000000000000,0x0000000000000000)]
  0x000000001d39b000 JavaThread "clientOutboundChannel-4" [_thread_new, id=5988, stack(0x0000000000000000,0x0000000000000000)]
  0x000000001d39e000 JavaThread "clientOutboundChannel-3" [_thread_new, id=2600, stack(0x0000000000000000,0x0000000000000000)]
  0x000000001d3a0000 JavaThread "clientOutboundChannel-2" [_thread_new, id=6312, stack(0x0000000000000000,0x0000000000000000)]
  0x000000001d39d000 JavaThread "clientInboundChannel-8" [_thread_blocked, id=17240, stack(0x00000000247e0000,0x00000000248e0000)]
  0x00000000194ba000 JavaThread "clientInboundChannel-7" [_thread_blocked, id=16192, stack(0x00000000246e0000,0x00000000247e0000)]
  0x00000000194b8800 JavaThread "clientInboundChannel-6" [_thread_in_vm, id=11340, stack(0x00000000245e0000,0x00000000246e0000)]
  0x00000000194b9800 JavaThread "clientInboundChannel-5" [_thread_blocked, id=9152, stack(0x00000000244e0000,0x00000000245e0000)]
  0x00000000194bf800 JavaThread "clientInboundChannel-4" [_thread_blocked, id=6668, stack(0x00000000243e0000,0x00000000244e0000)]
  0x00000000194be800 JavaThread "clientOutboundChannel-1" [_thread_blocked, id=14472, stack(0x00000000242e0000,0x00000000243e0000)]
  0x00000000194bb800 JavaThread "clientInboundChannel-3" [_thread_blocked, id=16184, stack(0x00000000241e0000,0x00000000242e0000)]
  0x00000000194be000 JavaThread "clientInboundChannel-2" [_thread_blocked, id=13060, stack(0x00000000240e0000,0x00000000241e0000)]
  0x00000000194bc800 JavaThread "clientInboundChannel-1" [_thread_blocked, id=6936, stack(0x0000000023fe0000,0x00000000240e0000)]
  0x00000000194bb000 JavaThread "WebSocket background processing" daemon [_thread_blocked, id=13028, stack(0x0000000023ee0000,0x0000000023fe0000)]
  0x00000000194bd000 JavaThread "DestroyJavaVM" [_thread_blocked, id=3352, stack(0x0000000002ca0000,0x0000000002da0000)]
  0x00000000194b1000 JavaThread "http-nio-8080-Acceptor-0" daemon [_thread_in_native, id=5664, stack(0x0000000023be0000,0x0000000023ce0000)]
  0x00000000194b8000 JavaThread "http-nio-8080-ClientPoller-1" daemon [_thread_in_native, id=14740, stack(0x0000000023ae0000,0x0000000023be0000)]
  0x00000000194b7000 JavaThread "http-nio-8080-ClientPoller-0" daemon [_thread_in_native, id=11560, stack(0x00000000239e0000,0x0000000023ae0000)]
  0x00000000194b2000 JavaThread "http-nio-8080-exec-10" daemon [_thread_blocked, id=16980, stack(0x00000000238e0000,0x00000000239e0000)]
  0x00000000194b0000 JavaThread "http-nio-8080-exec-9" daemon [_thread_blocked, id=12448, stack(0x00000000237e0000,0x00000000238e0000)]
  0x00000000194b6800 JavaThread "http-nio-8080-exec-8" daemon [_thread_blocked, id=12332, stack(0x00000000236e0000,0x00000000237e0000)]
  0x00000000194b5800 JavaThread "http-nio-8080-exec-7" daemon [_thread_blocked, id=14556, stack(0x00000000235e0000,0x00000000236e0000)]
  0x00000000194b3800 JavaThread "http-nio-8080-exec-6" daemon [_thread_blocked, id=2380, stack(0x00000000234e0000,0x00000000235e0000)]
  0x00000000194b5000 JavaThread "http-nio-8080-exec-5" daemon [_thread_blocked, id=16592, stack(0x00000000233e0000,0x00000000234e0000)]
  0x00000000194b2800 JavaThread "http-nio-8080-exec-4" daemon [_thread_blocked, id=10880, stack(0x00000000232e0000,0x00000000233e0000)]
  0x00000000194b4000 JavaThread "http-nio-8080-exec-3" daemon [_thread_blocked, id=15476, stack(0x00000000231e0000,0x00000000232e0000)]
  0x000000001a90a800 JavaThread "http-nio-8080-exec-2" daemon [_thread_blocked, id=1276, stack(0x00000000230e0000,0x00000000231e0000)]
  0x000000001a90f800 JavaThread "http-nio-8080-exec-1" daemon [_thread_blocked, id=14156, stack(0x0000000022fe0000,0x00000000230e0000)]
  0x000000001a909800 JavaThread "NioBlockingSelector.BlockPoller-1" daemon [_thread_in_native, id=8628, stack(0x0000000022ee0000,0x0000000022fe0000)]
  0x000000001a90f000 JavaThread "Live Reload Server" daemon [_thread_in_native, id=15392, stack(0x0000000022be0000,0x0000000022ce0000)]
  0x000000001a90d800 JavaThread "File Watcher" daemon [_thread_blocked, id=10288, stack(0x00000000229e0000,0x0000000022ae0000)]
  0x000000001a90c000 JavaThread "MessageBroker-1" [_thread_blocked, id=11564, stack(0x0000000021910000,0x0000000021a10000)]
  0x000000001a910800 JavaThread "container-0" [_thread_blocked, id=15856, stack(0x0000000021610000,0x0000000021710000)]
  0x000000001a90e000 JavaThread "Catalina-utility-2" [_thread_blocked, id=1488, stack(0x0000000021510000,0x0000000021610000)]
  0x000000001a90b000 JavaThread "Catalina-utility-1" [_thread_blocked, id=1116, stack(0x0000000020440000,0x0000000020540000)]
  0x000000001a90c800 JavaThread "mysql-cj-abandoned-connection-cleanup" daemon [_thread_blocked, id=14236, stack(0x000000001ebe0000,0x000000001ece0000)]
  0x000000001944b000 JavaThread "Service Thread" daemon [_thread_blocked, id=12984, stack(0x00000000197e0000,0x00000000198e0000)]
  0x0000000017a95000 JavaThread "C1 CompilerThread2" daemon [_thread_blocked, id=4508, stack(0x00000000192e0000,0x00000000193e0000)]
  0x0000000017a8d800 JavaThread "C2 CompilerThread1" daemon [_thread_in_native, id=2216, stack(0x00000000191e0000,0x00000000192e0000)]
=>0x0000000017a8c000 JavaThread "C2 CompilerThread0" daemon [_thread_in_native, id=13164, stack(0x00000000190e0000,0x00000000191e0000)]
  0x0000000017ade000 JavaThread "Attach Listener" daemon [_thread_blocked, id=656, stack(0x0000000018fe0000,0x00000000190e0000)]
  0x0000000017add800 JavaThread "Signal Dispatcher" daemon [_thread_blocked, id=2888, stack(0x0000000018ee0000,0x0000000018fe0000)]
  0x0000000017a70000 JavaThread "Finalizer" daemon [_thread_blocked, id=11032, stack(0x0000000018ce0000,0x0000000018de0000)]
  0x0000000002f06000 JavaThread "Reference Handler" daemon [_thread_blocked, id=2132, stack(0x0000000018be0000,0x0000000018ce0000)]

Other Threads:
  0x0000000017a47000 VMThread [stack: 0x0000000018ae0000,0x0000000018be0000] [id=11244]
  0x000000001948e000 WatcherThread [stack: 0x00000000198e0000,0x00000000199e0000] [id=9520]

VM state:not at safepoint (normal execution)

VM Mutex/Monitor currently owned by a thread: None

Heap:
 PSYoungGen      total 195584K, used 48551K [0x00000000d5c00000, 0x00000000e3000000, 0x0000000100000000)
  eden space 180224K, 26% used [0x00000000d5c00000,0x00000000d8b69ed0,0x00000000e0c00000)
  from space 15360K, 0% used [0x00000000e2100000,0x00000000e2100000,0x00000000e3000000)
  to   space 18432K, 0% used [0x00000000e0c00000,0x00000000e0c00000,0x00000000e1e00000)
 ParOldGen       total 134144K, used 28996K [0x0000000081400000, 0x0000000089700000, 0x00000000d5c00000)
  object space 134144K, 21% used [0x0000000081400000,0x0000000083051008,0x0000000089700000)
 Metaspace       used 60879K, capacity 63112K, committed 63192K, reserved 1103872K
  class space    used 8249K, capacity 8673K, committed 8704K, reserved 1048576K

Card table byte_map: [0x00000000122d0000,0x00000000126d0000] byte_map_base: 0x0000000011ec6000

Marking Bits: (ParMarkBitMap*) 0x00000000771d08c0
 Begin Bits: [0x0000000012d80000, 0x0000000014d30000)
 End Bits:   [0x0000000014d30000, 0x0000000016ce0000)

Polling page: 0x0000000000bf0000

CodeCache: size=245760Kb used=16349Kb max_used=17058Kb free=229410Kb
 bounds [0x0000000002f10000, 0x0000000003fd0000, 0x0000000011f10000]
 total_blobs=5496 nmethods=4944 adapters=463
 compilation: enabled

Compilation events (10 events):
Event: 34.902 Thread 0x0000000017a95000 5747       3       com.fasterxml.jackson.databind.ser.impl.PropertySerializerMap$Multi::serializerFor (44 bytes)
Event: 34.902 Thread 0x0000000017a95000 nmethod 5747 0x000000000366a710 code [0x000000000366a880, 0x000000000366aaf0]
Event: 34.903 Thread 0x0000000017a95000 5748       3       com.fasterxml.jackson.core.json.JsonWriteContext::writeValue (90 bytes)
Event: 34.903 Thread 0x0000000017a95000 nmethod 5748 0x000000000366a210 code [0x000000000366a380, 0x000000000366a690]
Event: 34.944 Thread 0x0000000017a95000 5749       3       java.lang.Long::longValue (5 bytes)
Event: 34.945 Thread 0x0000000017a95000 nmethod 5749 0x000000000393c4d0 code [0x000000000393c620, 0x000000000393c770]
Event: 34.949 Thread 0x0000000017a95000 5750       1       com.fasterxml.jackson.databind.AnnotationIntrospector::hasIgnoreMarker (2 bytes)
Event: 34.949 Thread 0x0000000017a95000 nmethod 5750 0x00000000039f1b10 code [0x00000000039f1c60, 0x00000000039f1d70]
Event: 34.950 Thread 0x0000000017a95000 5751       3       com.fasterxml.jackson.databind.type.TypeFactory::_fromAny (284 bytes)
Event: 34.955 Thread 0x0000000017a95000 nmethod 5751 0x0000000003f02550 code [0x0000000003f029e0, 0x0000000003f05e88]

GC Heap History (10 events):
Event: 10.351 GC heap before
{Heap before GC invocations=9 (full 1):
 PSYoungGen      total 139264K, used 119792K [0x00000000d5c00000, 0x00000000e0380000, 0x0000000100000000)
  eden space 130560K, 85% used [0x00000000d5c00000,0x00000000dc87c6c8,0x00000000ddb80000)
  from space 8704K, 99% used [0x00000000ddb80000,0x00000000de3ff958,0x00000000de400000)
  to   space 10752K, 0% used [0x00000000df900000,0x00000000df900000,0x00000000e0380000)
 ParOldGen       total 57344K, used 7921K [0x0000000081400000, 0x0000000084c00000, 0x00000000d5c00000)
  object space 57344K, 13% used [0x0000000081400000,0x0000000081bbc7e0,0x0000000084c00000)
 Metaspace       used 33934K, capacity 35404K, committed 35456K, reserved 1079296K
  class space    used 4375K, capacity 4691K, committed 4736K, reserved 1048576K
Event: 10.394 GC heap after
Heap after GC invocations=9 (full 1):
 PSYoungGen      total 157696K, used 10724K [0x00000000d5c00000, 0x00000000e3480000, 0x0000000100000000)
  eden space 146944K, 0% used [0x00000000d5c00000,0x00000000d5c00000,0x00000000deb80000)
  from space 10752K, 99% used [0x00000000df900000,0x00000000e0379280,0x00000000e0380000)
  to   space 13824K, 0% used [0x00000000deb80000,0x00000000deb80000,0x00000000df900000)
 ParOldGen       total 57344K, used 11806K [0x0000000081400000, 0x0000000084c00000, 0x00000000d5c00000)
  object space 57344K, 20% used [0x0000000081400000,0x0000000081f87950,0x0000000084c00000)
 Metaspace       used 33934K, capacity 35404K, committed 35456K, reserved 1079296K
  class space    used 4375K, capacity 4691K, committed 4736K, reserved 1048576K
}
Event: 10.395 GC heap before
{Heap before GC invocations=10 (full 2):
 PSYoungGen      total 157696K, used 10724K [0x00000000d5c00000, 0x00000000e3480000, 0x0000000100000000)
  eden space 146944K, 0% used [0x00000000d5c00000,0x00000000d5c00000,0x00000000deb80000)
  from space 10752K, 99% used [0x00000000df900000,0x00000000e0379280,0x00000000e0380000)
  to   space 13824K, 0% used [0x00000000deb80000,0x00000000deb80000,0x00000000df900000)
 ParOldGen       total 57344K, used 11806K [0x0000000081400000, 0x0000000084c00000, 0x00000000d5c00000)
  object space 57344K, 20% used [0x0000000081400000,0x0000000081f87950,0x0000000084c00000)
 Metaspace       used 33934K, capacity 35404K, committed 35456K, reserved 1079296K
  class space    used 4375K, capacity 4691K, committed 4736K, reserved 1048576K
Event: 10.550 GC heap after
Heap after GC invocations=10 (full 2):
 PSYoungGen      total 157696K, used 0K [0x00000000d5c00000, 0x00000000e3480000, 0x0000000100000000)
  eden space 146944K, 0% used [0x00000000d5c00000,0x00000000d5c00000,0x00000000deb80000)
  from space 10752K, 0% used [0x00000000df900000,0x00000000df900000,0x00000000e0380000)
  to   space 13824K, 0% used [0x00000000deb80000,0x00000000deb80000,0x00000000df900000)
 ParOldGen       total 96256K, used 18990K [0x0000000081400000, 0x0000000087200000, 0x00000000d5c00000)
  object space 96256K, 19% used [0x0000000081400000,0x000000008268b8b0,0x0000000087200000)
 Metaspace       used 33934K, capacity 35404K, committed 35456K, reserved 1079296K
  class space    used 4375K, capacity 4691K, committed 4736K, reserved 1048576K
}
Event: 15.902 GC heap before
{Heap before GC invocations=11 (full 2):
 PSYoungGen      total 157696K, used 146944K [0x00000000d5c00000, 0x00000000e3480000, 0x0000000100000000)
  eden space 146944K, 100% used [0x00000000d5c00000,0x00000000deb80000,0x00000000deb80000)
  from space 10752K, 0% used [0x00000000df900000,0x00000000df900000,0x00000000e0380000)
  to   space 13824K, 0% used [0x00000000deb80000,0x00000000deb80000,0x00000000df900000)
 ParOldGen       total 96256K, used 18990K [0x0000000081400000, 0x0000000087200000, 0x00000000d5c00000)
  object space 96256K, 19% used [0x0000000081400000,0x000000008268b8b0,0x0000000087200000)
 Metaspace       used 49536K, capacity 51184K, committed 51456K, reserved 1093632K
  class space    used 6750K, capacity 7071K, committed 7168K, reserved 1048576K
Event: 15.941 GC heap after
Heap after GC invocations=11 (full 2):
 PSYoungGen      total 160768K, used 13811K [0x00000000d5c00000, 0x00000000e3180000, 0x0000000100000000)
  eden space 146944K, 0% used [0x00000000d5c00000,0x00000000d5c00000,0x00000000deb80000)
  from space 13824K, 99% used [0x00000000deb80000,0x00000000df8fce50,0x00000000df900000)
  to   space 16896K, 0% used [0x00000000e2100000,0x00000000e2100000,0x00000000e3180000)
 ParOldGen       total 96256K, used 21908K [0x0000000081400000, 0x0000000087200000, 0x00000000d5c00000)
  object space 96256K, 22% used [0x0000000081400000,0x0000000082965378,0x0000000087200000)
 Metaspace       used 49536K, capacity 51184K, committed 51456K, reserved 1093632K
  class space    used 6750K, capacity 7071K, committed 7168K, reserved 1048576K
}
Event: 33.086 GC heap before
{Heap before GC invocations=12 (full 2):
 PSYoungGen      total 160768K, used 138240K [0x00000000d5c00000, 0x00000000e3180000, 0x0000000100000000)
  eden space 146944K, 84% used [0x00000000d5c00000,0x00000000dd583468,0x00000000deb80000)
  from space 13824K, 99% used [0x00000000deb80000,0x00000000df8fce50,0x00000000df900000)
  to   space 16896K, 0% used [0x00000000e2100000,0x00000000e2100000,0x00000000e3180000)
 ParOldGen       total 96256K, used 21908K [0x0000000081400000, 0x0000000087200000, 0x00000000d5c00000)
  object space 96256K, 22% used [0x0000000081400000,0x0000000082965378,0x0000000087200000)
 Metaspace       used 56969K, capacity 59038K, committed 59096K, reserved 1099776K
  class space    used 7786K, capacity 8190K, committed 8192K, reserved 1048576K
Event: 33.147 GC heap after
Heap after GC invocations=12 (full 2):
 PSYoungGen      total 195584K, used 14863K [0x00000000d5c00000, 0x00000000e3000000, 0x0000000100000000)
  eden space 180224K, 0% used [0x00000000d5c00000,0x00000000d5c00000,0x00000000e0c00000)
  from space 15360K, 96% used [0x00000000e2100000,0x00000000e2f83d88,0x00000000e3000000)
  to   space 18432K, 0% used [0x00000000e0c00000,0x00000000e0c00000,0x00000000e1e00000)
 ParOldGen       total 96256K, used 21916K [0x0000000081400000, 0x0000000087200000, 0x00000000d5c00000)
  object space 96256K, 22% used [0x0000000081400000,0x0000000082967378,0x0000000087200000)
 Metaspace       used 56969K, capacity 59038K, committed 59096K, reserved 1099776K
  class space    used 7786K, capacity 8190K, committed 8192K, reserved 1048576K
}
Event: 33.147 GC heap before
{Heap before GC invocations=13 (full 3):
 PSYoungGen      total 195584K, used 14863K [0x00000000d5c00000, 0x00000000e3000000, 0x0000000100000000)
  eden space 180224K, 0% used [0x00000000d5c00000,0x00000000d5c00000,0x00000000e0c00000)
  from space 15360K, 96% used [0x00000000e2100000,0x00000000e2f83d88,0x00000000e3000000)
  to   space 18432K, 0% used [0x00000000e0c00000,0x00000000e0c00000,0x00000000e1e00000)
 ParOldGen       total 96256K, used 21916K [0x0000000081400000, 0x0000000087200000, 0x00000000d5c00000)
  object space 96256K, 22% used [0x0000000081400000,0x0000000082967378,0x0000000087200000)
 Metaspace       used 56969K, capacity 59038K, committed 59096K, reserved 1099776K
  class space    used 7786K, capacity 8190K, committed 8192K, reserved 1048576K
Event: 33.483 GC heap after
Heap after GC invocations=13 (full 3):
 PSYoungGen      total 195584K, used 0K [0x00000000d5c00000, 0x00000000e3000000, 0x0000000100000000)
  eden space 180224K, 0% used [0x00000000d5c00000,0x00000000d5c00000,0x00000000e0c00000)
  from space 15360K, 0% used [0x00000000e2100000,0x00000000e2100000,0x00000000e3000000)
  to   space 18432K, 0% used [0x00000000e0c00000,0x00000000e0c00000,0x00000000e1e00000)
 ParOldGen       total 134144K, used 28996K [0x0000000081400000, 0x0000000089700000, 0x00000000d5c00000)
  object space 134144K, 21% used [0x0000000081400000,0x0000000083051008,0x0000000089700000)
 Metaspace       used 56954K, capacity 59014K, committed 59096K, reserved 1099776K
  class space    used 7784K, capacity 8186K, committed 8192K, reserved 1048576K
}

Deoptimization events (10 events):
Event: 33.932 Thread 0x00000000194b8800 Uncommon trap: reason=bimorphic action=maybe_recompile pc=0x00000000032e24e4 method=java.util.Hashtable.put(Ljava/lang/Object;Ljava/lang/Object;)Ljava/lang/Object; @ 18
Event: 33.937 Thread 0x00000000194b8800 Uncommon trap: reason=bimorphic action=maybe_recompile pc=0x000000000313a79c method=java.util.Hashtable.get(Ljava/lang/Object;)Ljava/lang/Object; @ 45
Event: 33.955 Thread 0x00000000194b8800 Uncommon trap: reason=bimorphic action=maybe_recompile pc=0x000000000313a79c method=java.util.Hashtable.get(Ljava/lang/Object;)Ljava/lang/Object; @ 45
Event: 33.959 Thread 0x00000000194b8800 Uncommon trap: reason=unstable_if action=reinterpret pc=0x0000000003034480 method=java.lang.CharacterData.of(I)Ljava/lang/CharacterData; @ 4
Event: 33.972 Thread 0x00000000194b8800 Uncommon trap: reason=unstable_if action=reinterpret pc=0x000000000364f6a8 method=java.util.regex.Pattern$BmpCharProperty.match(Ljava/util/regex/Matcher;ILjava/lang/CharSequence;)Z @ 34
Event: 34.147 Thread 0x00000000194b8800 Uncommon trap: reason=unstable_if action=reinterpret pc=0x000000000321a23c method=java.lang.CharacterDataLatin1.isWhitespace(I)Z @ 14
Event: 34.615 Thread 0x00000000194b8800 Uncommon trap: reason=unstable_if action=reinterpret pc=0x0000000003a47dbc method=java.util.IdentityHashMap.nextKeyIndex(II)I @ 4
Event: 34.615 Thread 0x00000000194b8800 Uncommon trap: reason=unstable_if action=reinterpret pc=0x000000000319a344 method=sun.nio.cs.UTF_8$Decoder.decode([BII[C)I @ 30
Event: 34.615 Thread 0x00000000194b8800 Uncommon trap: reason=unstable_if action=reinterpret pc=0x00000000033159bc method=java.lang.StringCoding.safeTrim([CILjava/nio/charset/Charset;Z)[C @ 3
Event: 34.707 Thread 0x00000000194b8800 Uncommon trap: reason=unstable_if action=reinterpret pc=0x00000000031d3f78 method=java.lang.StringCoding.safeTrim([CILjava/nio/charset/Charset;Z)[C @ 3

Classes redefined (0 events):
No events

Internal exceptions (10 events):
Event: 17.346 Thread 0x000000001a0f0800 Exception <a 'java/lang/ClassNotFoundException': org/springframework/beans/factory/AwareCustomizer> (0x00000000d7bee918) thrown at [C:\re\workspace\8-2-build-windows-amd64-cygwin\jdk8u171\10807\hotspot\src\share\vm\classfile\systemDictionary.cpp, line 210
Event: 17.726 Thread 0x000000001a0f0800 Implicit null exception at 0x0000000003e28bb4 to 0x0000000003e29bf1
Event: 17.954 Thread 0x000000001a0f0800 Exception <a 'java/lang/ClassNotFoundException': java/lang/ObjectCustomizer> (0x00000000d8c7e028) thrown at [C:\re\workspace\8-2-build-windows-amd64-cygwin\jdk8u171\10807\hotspot\src\share\vm\classfile\systemDictionary.cpp, line 210]
Event: 17.956 Thread 0x000000001a0f0800 Exception <a 'java/lang/ClassNotFoundException': org/springframework/web/socket/config/annotation/WebSocketConfigurationSupportCustomizer> (0x00000000d8c9e150) thrown at [C:\re\workspace\8-2-build-windows-amd64-cygwin\jdk8u171\10807\hotspot\src\share\vm\c
Event: 17.960 Thread 0x000000001a0f0800 Exception <a 'java/lang/ClassNotFoundException': org/springframework/web/socket/config/annotation/DelegatingWebSocketConfigurationCustomizer> (0x00000000d8cbdb88) thrown at [C:\re\workspace\8-2-build-windows-amd64-cygwin\jdk8u171\10807\hotspot\src\share\v
Event: 17.962 Thread 0x000000001a0f0800 Exception <a 'java/lang/ClassNotFoundException': org/springframework/web/socket/config/annotation/DelegatingWebSocketConfiguration$$EnhancerBySpringCGLIB$$4295a1b6Customizer> (0x00000000d8cf3758) thrown at [C:\re\workspace\8-2-build-windows-amd64-cygwin\j
Event: 17.965 Thread 0x000000001a0f0800 Exception <a 'java/lang/ClassNotFoundException': org/springframework/context/annotation/ConfigurationClassEnhancer$EnhancedConfigurationCustomizer> (0x00000000d8d1c490) thrown at [C:\re\workspace\8-2-build-windows-amd64-cygwin\jdk8u171\10807\hotspot\src\s
Event: 17.966 Thread 0x000000001a0f0800 Exception <a 'java/lang/ClassNotFoundException': org/springframework/beans/factory/BeanFactoryAwareCustomizer> (0x00000000d8d31f58) thrown at [C:\re\workspace\8-2-build-windows-amd64-cygwin\jdk8u171\10807\hotspot\src\share\vm\classfile\systemDictionary.cp
Event: 17.967 Thread 0x000000001a0f0800 Exception <a 'java/lang/ClassNotFoundException': org/springframework/beans/factory/AwareCustomizer> (0x00000000d8d45ff8) thrown at [C:\re\workspace\8-2-build-windows-amd64-cygwin\jdk8u171\10807\hotspot\src\share\vm\classfile\systemDictionary.cpp, line 210
Event: 32.682 Thread 0x00000000194b2000 Exception <a 'java/net/UnknownHostException': MinhTri.stu.edu.vn> (0x00000000dd0c30d0) thrown at [C:\re\workspace\8-2-build-windows-amd64-cygwin\jdk8u171\10807\hotspot\src\share\vm\prims\jni.cpp, line 735]

Events (10 events):
Event: 34.880 loading class com/fasterxml/jackson/databind/ser/impl/UnwrappingBeanSerializer
Event: 34.880 loading class com/fasterxml/jackson/databind/ser/impl/UnwrappingBeanSerializer done
Event: 34.881 loading class com/fasterxml/jackson/databind/ser/impl/BeanAsArraySerializer
Event: 34.881 loading class com/fasterxml/jackson/databind/ser/impl/BeanAsArraySerializer done
Event: 34.883 loading class com/fasterxml/jackson/core/io/JsonStringEncoder
Event: 34.883 loading class com/fasterxml/jackson/core/io/JsonStringEncoder done
Event: 34.946 loading class com/fasterxml/jackson/databind/introspect/AnnotationCollector$NCollector
Event: 34.946 loading class com/fasterxml/jackson/databind/introspect/AnnotationCollector$NCollector done
Event: 34.947 loading class com/fasterxml/jackson/annotation/JacksonAnnotationsInside
Event: 34.947 loading class com/fasterxml/jackson/annotation/JacksonAnnotationsInside done


Dynamic libraries:
0x00007ff71d660000 - 0x00007ff71d697000 	C:\Program Files\Java\jdk1.8.0_171\bin\java.exe
0x00007ffeb47b0000 - 0x00007ffeb499d000 	C:\WINDOWS\SYSTEM32\ntdll.dll
0x00007ffeb4070000 - 0x00007ffeb4123000 	C:\WINDOWS\System32\KERNEL32.DLL
0x00007ffeb1540000 - 0x00007ffeb17d3000 	C:\WINDOWS\System32\KERNELBASE.dll
0x00007ffeb2a70000 - 0x00007ffeb2b13000 	C:\WINDOWS\System32\ADVAPI32.dll
0x00007ffeb2320000 - 0x00007ffeb23be000 	C:\WINDOWS\System32\msvcrt.dll
0x00007ffeb2520000 - 0x00007ffeb25be000 	C:\WINDOWS\System32\sechost.dll
0x00007ffeb23c0000 - 0x00007ffeb24e2000 	C:\WINDOWS\System32\RPCRT4.dll
0x00007ffeb26a0000 - 0x00007ffeb2837000 	C:\WINDOWS\System32\USER32.dll
0x00007ffeb11d0000 - 0x00007ffeb11f0000 	C:\WINDOWS\System32\win32u.dll
0x00007ffeb1ff0000 - 0x00007ffeb2019000 	C:\WINDOWS\System32\GDI32.dll
0x00007ffeb17e0000 - 0x00007ffeb1979000 	C:\WINDOWS\System32\gdi32full.dll
0x00007ffeb1320000 - 0x00007ffeb13c0000 	C:\WINDOWS\System32\msvcp_win.dll
0x00007ffeb13c0000 - 0x00007ffeb14ba000 	C:\WINDOWS\System32\ucrtbase.dll
0x00007ffe92090000 - 0x00007ffe92309000 	C:\WINDOWS\WinSxS\amd64_microsoft.windows.common-controls_6595b64144ccf1df_6.0.17763.615_none_05b4414a072024d4\COMCTL32.dll
0x00007ffeb19e0000 - 0x00007ffeb1d0c000 	C:\WINDOWS\System32\combase.dll
0x00007ffeb11f0000 - 0x00007ffeb126e000 	C:\WINDOWS\System32\bcryptPrimitives.dll
0x00007ffeb24f0000 - 0x00007ffeb251e000 	C:\WINDOWS\System32\IMM32.DLL
0x0000000050130000 - 0x0000000050202000 	C:\Program Files\Java\jdk1.8.0_171\jre\bin\msvcr100.dll
0x00000000769b0000 - 0x0000000077250000 	C:\Program Files\Java\jdk1.8.0_171\jre\bin\server\jvm.dll
0x00007ffeb29b0000 - 0x00007ffeb29b8000 	C:\WINDOWS\System32\PSAPI.DLL
0x00007ffea6a60000 - 0x00007ffea6a6a000 	C:\WINDOWS\SYSTEM32\VERSION.dll
0x00007ffe9ffe0000 - 0x00007ffe9ffe9000 	C:\WINDOWS\SYSTEM32\WSOCK32.dll
0x00007ffead0b0000 - 0x00007ffead0d4000 	C:\WINDOWS\SYSTEM32\WINMM.dll
0x00007ffeb46f0000 - 0x00007ffeb475d000 	C:\WINDOWS\System32\WS2_32.dll
0x00007ffead080000 - 0x00007ffead0ad000 	C:\WINDOWS\SYSTEM32\WINMMBASE.dll
0x00007ffeb14c0000 - 0x00007ffeb150a000 	C:\WINDOWS\System32\cfgmgr32.dll
0x00000000503b0000 - 0x00000000503bf000 	C:\Program Files\Java\jdk1.8.0_171\jre\bin\verify.dll
0x00000000500c0000 - 0x00000000500e9000 	C:\Program Files\Java\jdk1.8.0_171\jre\bin\java.dll
0x0000000077df0000 - 0x0000000077e06000 	C:\Program Files\Java\jdk1.8.0_171\jre\bin\zip.dll
0x00007ffeb2b20000 - 0x00007ffeb4010000 	C:\WINDOWS\System32\SHELL32.dll
0x00007ffeb29c0000 - 0x00007ffeb2a68000 	C:\WINDOWS\System32\shcore.dll
0x00007ffeb0a80000 - 0x00007ffeb11ca000 	C:\WINDOWS\System32\windows.storage.dll
0x00007ffeb07d0000 - 0x00007ffeb07f4000 	C:\WINDOWS\System32\profapi.dll
0x00007ffeb0820000 - 0x00007ffeb087d000 	C:\WINDOWS\System32\powrprof.dll
0x00007ffeb2020000 - 0x00007ffeb2072000 	C:\WINDOWS\System32\shlwapi.dll
0x00007ffeb0800000 - 0x00007ffeb0811000 	C:\WINDOWS\System32\kernel.appcore.dll
0x00007ffeb0880000 - 0x00007ffeb0897000 	C:\WINDOWS\System32\cryptsp.dll
0x00000000500b0000 - 0x00000000500bd000 	C:\Program Files\Java\jdk1.8.0_171\jre\bin\management.dll
0x0000000077dd0000 - 0x0000000077dea000 	C:\Program Files\Java\jdk1.8.0_171\jre\bin\net.dll
0x00007ffeaffc0000 - 0x00007ffeb0027000 	C:\WINDOWS\system32\mswsock.dll
0x00007ffea9f30000 - 0x00007ffea9f46000 	C:\WINDOWS\system32\napinsp.dll
0x00007ffea9d20000 - 0x00007ffea9d3a000 	C:\WINDOWS\system32\pnrpnsp.dll
0x00007ffeafd70000 - 0x00007ffeafe36000 	C:\WINDOWS\SYSTEM32\DNSAPI.dll
0x00007ffeb2100000 - 0x00007ffeb2108000 	C:\WINDOWS\System32\NSI.dll
0x00007ffeafd20000 - 0x00007ffeafd5d000 	C:\WINDOWS\SYSTEM32\IPHLPAPI.DLL
0x00007ffeaa810000 - 0x00007ffeaa81e000 	C:\WINDOWS\System32\winrnr.dll
0x00007ffead400000 - 0x00007ffead41b000 	C:\WINDOWS\system32\NLAapi.dll
0x00007ffe81390000 - 0x00007ffe813a5000 	C:\WINDOWS\system32\wshbth.dll
0x0000000077d10000 - 0x0000000077d36000 	C:\Program Files\Bonjour\mdnsNSP.dll
0x00007ffea20b0000 - 0x00007ffea20ba000 	C:\Windows\System32\rasadhlp.dll
0x00007ffea3a20000 - 0x00007ffea3a99000 	C:\WINDOWS\System32\fwpuclnt.dll
0x00007ffeb1510000 - 0x00007ffeb1536000 	C:\WINDOWS\System32\bcrypt.dll
0x0000000077db0000 - 0x0000000077dc1000 	C:\Program Files\Java\jdk1.8.0_171\jre\bin\nio.dll
0x00007ffeafb80000 - 0x00007ffeafbb3000 	C:\WINDOWS\system32\rsaenh.dll
0x00007ffeb06e0000 - 0x00007ffeb0708000 	C:\WINDOWS\SYSTEM32\USERENV.dll
0x00007ffeb0190000 - 0x00007ffeb019c000 	C:\WINDOWS\SYSTEM32\CRYPTBASE.dll
0x00007ffea6a40000 - 0x00007ffea6a56000 	C:\WINDOWS\SYSTEM32\dhcpcsvc6.DLL
0x00007ffea6fa0000 - 0x00007ffea6fbc000 	C:\WINDOWS\SYSTEM32\dhcpcsvc.DLL

VM Arguments:
java_command: com.tezamess.main.AppchatApplication
java_class_path (initial): F:\tezamess\target\classes;C:\Users\user.MINHTRI\.m2\repository\org\springframework\boot\spring-boot-starter-web\2.1.4.RELEASE\spring-boot-starter-web-2.1.4.RELEASE.jar;C:\Users\user.MINHTRI\.m2\repository\org\springframework\boot\spring-boot-starter\2.1.4.RELEASE\spring-boot-starter-2.1.4.RELEASE.jar;C:\Users\user.MINHTRI\.m2\repository\org\springframework\boot\spring-boot-starter-logging\2.1.4.RELEASE\spring-boot-starter-logging-2.1.4.RELEASE.jar;C:\Users\user.MINHTRI\.m2\repository\ch\qos\logback\logback-classic\1.2.3\logback-classic-1.2.3.jar;C:\Users\user.MINHTRI\.m2\repository\ch\qos\logback\logback-core\1.2.3\logback-core-1.2.3.jar;C:\Users\user.MINHTRI\.m2\repository\org\apache\logging\log4j\log4j-to-slf4j\2.11.2\log4j-to-slf4j-2.11.2.jar;C:\Users\user.MINHTRI\.m2\repository\org\apache\logging\log4j\log4j-api\2.11.2\log4j-api-2.11.2.jar;C:\Users\user.MINHTRI\.m2\repository\org\slf4j\jul-to-slf4j\1.7.26\jul-to-slf4j-1.7.26.jar;C:\Users\user.MINHTRI\.m2\repository\javax\annotation\javax.annotation-api\1.3.2\javax.annotation-api-1.3.2.jar;C:\Users\user.MINHTRI\.m2\repository\org\yaml\snakeyaml\1.23\snakeyaml-1.23.jar;C:\Users\user.MINHTRI\.m2\repository\org\springframework\boot\spring-boot-starter-json\2.1.4.RELEASE\spring-boot-starter-json-2.1.4.RELEASE.jar;C:\Users\user.MINHTRI\.m2\repository\com\fasterxml\jackson\core\jackson-databind\2.9.8\jackson-databind-2.9.8.jar;C:\Users\user.MINHTRI\.m2\repository\com\fasterxml\jackson\core\jackson-annotations\2.9.0\jackson-annotations-2.9.0.jar;C:\Users\user.MINHTRI\.m2\repository\com\fasterxml\jackson\core\jackson-core\2.9.8\jackson-core-2.9.8.jar;C:\Users\user.MINHTRI\.m2\repository\com\fasterxml\jackson\datatype\jackson-datatype-jdk8\2.9.8\jackson-datatype-jdk8-2.9.8.jar;C:\Users\user.MINHTRI\.m2\repository\com\fasterxml\jackson\datatype\jackson-datatype-jsr310\2.9.8\jackson-datatype-jsr310-2.9.8.jar;C:\Users\user.MINHTRI\.m2\repository\com\fasterxml\jackson\module\jackson-module-parame
Launcher Type: SUN_STANDARD

Environment Variables:
JAVA_HOME=C:\Program Files\Java\jdk1.8.0_171
JRE_HOME=C:\Program Files\Java\jre1.8.0_211
PATH=C:\Program Files (x86)\Common Files\Oracle\Java\javapath;%JDK_HOME%\bin;%M2_HOME%\bin;C:\ProgramData\Oracle\Java\javapath;C:\WINDOWS\system32;C:\WINDOWS;C:\WINDOWS\System32\Wbem;C:\WINDOWS\System32\WindowsPowerShell\v1.0\;C:\Program Files (x86)\Skype\Phone\;C:\Program Files (x86)\Microsoft SQL Server\100\Tools\Binn\;C:\Program Files\Microsoft SQL Server\100\Tools\Binn\;C:\Program Files\Microsoft SQL Server\100\DTS\Binn\;C:\Program Files\dotnet\;C:\Program Files\Intel\WiFi\bin\;C:\Program Files\Common Files\Intel\WirelessCommon\;C:\WINDOWS\System32\OpenSSH\;C:\Program Files\Microsoft SQL Server\130\Tools\Binn\;C:\Program Files\Microsoft SQL Server\120\Tools\Binn\;C:\Program Files\Microsoft SQL Server\Client SDK\ODBC\110\Tools\Binn\;C:\Program Files (x86)\Microsoft SQL Server\120\Tools\Binn\;C:\Program Files\Microsoft SQL Server\120\DTS\Binn\;C:\Program Files (x86)\Microsoft SQL Server\120\Tools\Binn\ManagementStudio\;C:\Program Files (x86)\Microsoft SQL Server\120\DTS\Binn\;C:\Program Files\Git\cmd;C:\Program Files\nodejs\;C:\apache-maven-3.6.1\bin;C:\Users\user.MINHTRI\AppData\Local\Microsoft\WindowsApps;C:\Users\user.MINHTRI\AppData\Roaming\npm;C:\Users\user.MINHTRI\AppData\Local\Programs\Microsoft VS Code\bin
USERNAME=user
OS=Windows_NT
PROCESSOR_IDENTIFIER=Intel64 Family 6 Model 61 Stepping 4, GenuineIntel



---------------  S Y S T E M  ---------------

OS: Windows 10.0 , 64 bit Build 17763 (10.0.17763.475)

CPU:total 4 (initial active 4) (2 cores per cpu, 2 threads per core) family 6 model 61 stepping 4, cmov, cx8, fxsr, mmx, sse, sse2, sse3, ssse3, sse4.1, sse4.2, popcnt, avx, avx2, aes, clmul, erms, 3dnowpref, lzcnt, ht, tsc, tscinvbit, bmi1, bmi2, adx

Memory: 4k page, physical 8300384k(773896k free), swap 12592992k(6180k free)

vm_info: Java HotSpot(TM) 64-Bit Server VM (25.171-b11) for windows-amd64 JRE (1.8.0_171-b11), built on Mar 28 2018 16:06:12 by "java_re" with MS VC++ 10.0 (VS2010)

time: Sat Aug 03 12:39:46 2019
elapsed time: 34 seconds (0d 0h 0m 34s)

