#
# There is insufficient memory for the Java Runtime Environment to continue.
# Native memory allocation (malloc) failed to allocate 2204176 bytes for Chunk::new
# Possible reasons:
#   The system is out of physical RAM or swap space
#   In 32 bit mode, the process size limit was hit
# Possible solutions:
#   Reduce memory load on the system
#   Increase physical memory or swap space
#   Check if swap backing store is full
#   Use 64 bit Java on a 64 bit OS
#   Decrease Java heap size (-Xmx/-Xms)
#   Decrease number of Java threads
#   Decrease Java thread stack sizes (-Xss)
#   Set larger code cache with -XX:ReservedCodeCacheSize=
# This output file may be truncated or incomplete.
#
#  Out of Memory Error (allocation.cpp:390), pid=11300, tid=0x0000000000003a98
#
# JRE version: Java(TM) SE Runtime Environment (8.0_171-b11) (build 1.8.0_171-b11)
# Java VM: Java HotSpot(TM) 64-Bit Server VM (25.171-b11 mixed mode windows-amd64 compressed oops)
# Failed to write core dump. Minidumps are not enabled by default on client versions of Windows
#

---------------  T H R E A D  ---------------

Current thread (0x0000000017ab0000):  JavaThread "C2 CompilerThread1" daemon [_thread_in_native, id=15000, stack(0x0000000019200000,0x0000000019300000)]

Stack: [0x0000000019200000,0x0000000019300000]
[error occurred during error reporting (printing stack bounds), id 0xc0000005]

Native frames: (J=compiled Java code, j=interpreted, Vv=VM code, C=native code)


Current CompileTask:
C2:  21320 3693       4       java.net.URLClassLoader$1::run (5 bytes)


---------------  P R O C E S S  ---------------

Java Threads: ( => current thread )
  0x000000001ac33000 JavaThread "mysql-cj-abandoned-connection-cleanup" daemon [_thread_blocked, id=5224, stack(0x0000000020330000,0x0000000020430000)]
  0x000000001a340800 JavaThread "restartedMain" [_thread_in_vm, id=13796, stack(0x000000001b410000,0x000000001b510000)]
  0x000000001a0a3000 JavaThread "Thread-0" [_thread_blocked, id=12552, stack(0x000000001b310000,0x000000001b410000)]
  0x0000000019359000 JavaThread "Service Thread" daemon [_thread_blocked, id=1112, stack(0x0000000019800000,0x0000000019900000)]
  0x0000000019352800 JavaThread "C1 CompilerThread2" daemon [_thread_blocked, id=13956, stack(0x0000000019700000,0x0000000019800000)]
=>0x0000000017ab0000 JavaThread "C2 CompilerThread1" daemon [_thread_in_native, id=15000, stack(0x0000000019200000,0x0000000019300000)]
  0x0000000017aae000 JavaThread "C2 CompilerThread0" daemon [_thread_in_native, id=9664, stack(0x0000000019100000,0x0000000019200000)]
  0x0000000017aac000 JavaThread "Attach Listener" daemon [_thread_blocked, id=12480, stack(0x0000000019000000,0x0000000019100000)]
  0x0000000017af8800 JavaThread "Signal Dispatcher" daemon [_thread_blocked, id=13912, stack(0x0000000018f00000,0x0000000019000000)]
  0x0000000002f29800 JavaThread "Finalizer" daemon [_thread_blocked, id=740, stack(0x0000000018d00000,0x0000000018e00000)]
  0x0000000002f26000 JavaThread "Reference Handler" daemon [_thread_blocked, id=11604, stack(0x0000000018c00000,0x0000000018d00000)]
  0x0000000002e36000 JavaThread "main" [_thread_blocked, id=10228, stack(0x0000000002d30000,0x0000000002e30000)]

Other Threads:
  0x0000000017a67800 VMThread [stack: 0x0000000018b00000,0x0000000018c00000] [id=11992]
  0x000000001936a800 WatcherThread [stack: 0x0000000019900000,0x0000000019a00000] [id=14376]

VM state:not at safepoint (normal execution)

VM Mutex/Monitor currently owned by a thread: None

Heap:
 PSYoungGen      total 160768K, used 76466K [0x00000000d5c00000, 0x00000000e3280000, 0x0000000100000000)
  eden space 150528K, 50% used [0x00000000d5c00000,0x00000000da6acb90,0x00000000def00000)
  from space 10240K, 0% used [0x00000000dfc80000,0x00000000dfc80000,0x00000000e0680000)
  to   space 13824K, 0% used [0x00000000def00000,0x00000000def00000,0x00000000dfc80000)
 ParOldGen       total 97792K, used 18744K [0x0000000081400000, 0x0000000087380000, 0x00000000d5c00000)
  object space 97792K, 19% used [0x0000000081400000,0x000000008264e3c8,0x0000000087380000)
 Metaspace       used 42451K, capacity 43972K, committed 44200K, reserved 1087488K
  class space    used 5720K, capacity 6037K, committed 6056K, reserved 1048576K

Card table byte_map: [0x00000000122f0000,0x00000000126f0000] byte_map_base: 0x0000000011ee6000

Marking Bits: (ParMarkBitMap*) 0x00000000712308c0
 Begin Bits: [0x0000000012da0000, 0x0000000014d50000)
 End Bits:   [0x0000000014d50000, 0x0000000016d00000)

Polling page: 0x0000000001350000

CodeCache: size=245760Kb used=12601Kb max_used=12605Kb free=233158Kb
 bounds [0x0000000002f30000, 0x0000000003b90000, 0x0000000011f30000]
 total_blobs=3916 nmethods=3451 adapters=377
 compilation: enabled

Compilation events (10 events):
Event: 20.975 Thread 0x0000000017aae000 nmethod 3816 0x0000000003b7d4d0 code [0x0000000003b7d620, 0x0000000003b7da08]
Event: 21.047 Thread 0x0000000019352800 3817       3       org.jboss.logging.Log4j2Logger::isEnabled (12 bytes)
Event: 21.048 Thread 0x0000000019352800 nmethod 3817 0x0000000003b7cd90 code [0x0000000003b7cf20, 0x0000000003b7d378]
Event: 21.064 Thread 0x0000000017aae000 3818  s    4       java.io.ByteArrayOutputStream::write (32 bytes)
Event: 21.078 Thread 0x0000000017aae000 nmethod 3818 0x0000000003b7c410 code [0x0000000003b7c560, 0x0000000003b7cb38]
Event: 21.078 Thread 0x0000000017aae000 3819       4       java.io.ByteArrayOutputStream::ensureCapacity (16 bytes)
Event: 21.085 Thread 0x0000000017aae000 nmethod 3819 0x0000000003b7b5d0 code [0x0000000003b7b720, 0x0000000003b7b9b8]
Event: 21.169 Thread 0x0000000019352800 3820       1       sun.util.locale.BaseLocale::getRegion (5 bytes)
Event: 21.169 Thread 0x0000000019352800 nmethod 3820 0x000000000370e890 code [0x000000000370e9e0, 0x000000000370eaf0]
Event: 21.189 Thread 0x0000000017aae000 3821   !   4       java.net.URL::<init> (543 bytes)

GC Heap History (10 events):
Event: 5.367 GC heap before
{Heap before GC invocations=6 (full 1):
 PSYoungGen      total 71680K, used 5100K [0x00000000d5c00000, 0x00000000def00000, 0x0000000100000000)
  eden space 66560K, 0% used [0x00000000d5c00000,0x00000000d5c00000,0x00000000d9d00000)
  from space 5120K, 99% used [0x00000000d9d00000,0x00000000da1fb0f8,0x00000000da200000)
  to   space 8704K, 0% used [0x00000000de680000,0x00000000de680000,0x00000000def00000)
 ParOldGen       total 87552K, used 5446K [0x0000000081400000, 0x0000000086980000, 0x00000000d5c00000)
  object space 87552K, 6% used [0x0000000081400000,0x0000000081951820,0x0000000086980000)
 Metaspace       used 20695K, capacity 21194K, committed 21296K, reserved 1067008K
  class space    used 2664K, capacity 2843K, committed 2864K, reserved 1048576K
Event: 5.465 GC heap after
Heap after GC invocations=6 (full 1):
 PSYoungGen      total 71680K, used 0K [0x00000000d5c00000, 0x00000000def00000, 0x0000000100000000)
  eden space 66560K, 0% used [0x00000000d5c00000,0x00000000d5c00000,0x00000000d9d00000)
  from space 5120K, 0% used [0x00000000d9d00000,0x00000000d9d00000,0x00000000da200000)
  to   space 8704K, 0% used [0x00000000de680000,0x00000000de680000,0x00000000def00000)
 ParOldGen       total 56320K, used 5740K [0x0000000081400000, 0x0000000084b00000, 0x00000000d5c00000)
  object space 56320K, 10% used [0x0000000081400000,0x000000008199b198,0x0000000084b00000)
 Metaspace       used 20695K, capacity 21194K, committed 21296K, reserved 1067008K
  class space    used 2664K, capacity 2843K, committed 2864K, reserved 1048576K
}
Event: 8.866 GC heap before
{Heap before GC invocations=7 (full 1):
 PSYoungGen      total 71680K, used 66536K [0x00000000d5c00000, 0x00000000def00000, 0x0000000100000000)
  eden space 66560K, 99% used [0x00000000d5c00000,0x00000000d9cfa210,0x00000000d9d00000)
  from space 5120K, 0% used [0x00000000d9d00000,0x00000000d9d00000,0x00000000da200000)
  to   space 8704K, 0% used [0x00000000de680000,0x00000000de680000,0x00000000def00000)
 ParOldGen       total 56320K, used 5740K [0x0000000081400000, 0x0000000084b00000, 0x00000000d5c00000)
  object space 56320K, 10% used [0x0000000081400000,0x000000008199b198,0x0000000084b00000)
 Metaspace       used 24252K, capacity 25038K, committed 25136K, reserved 1071104K
  class space    used 3106K, capacity 3318K, committed 3376K, reserved 1048576K
Event: 8.887 GC heap after
Heap after GC invocations=7 (full 1):
 PSYoungGen      total 108544K, used 5458K [0x00000000d5c00000, 0x00000000dec00000, 0x0000000100000000)
  eden space 102912K, 0% used [0x00000000d5c00000,0x00000000d5c00000,0x00000000dc080000)
  from space 5632K, 96% used [0x00000000de680000,0x00000000debd4868,0x00000000dec00000)
  to   space 8192K, 0% used [0x00000000ddc00000,0x00000000ddc00000,0x00000000de400000)
 ParOldGen       total 56320K, used 5748K [0x0000000081400000, 0x0000000084b00000, 0x00000000d5c00000)
  object space 56320K, 10% used [0x0000000081400000,0x000000008199d198,0x0000000084b00000)
 Metaspace       used 24252K, capacity 25038K, committed 25136K, reserved 1071104K
  class space    used 3106K, capacity 3318K, committed 3376K, reserved 1048576K
}
Event: 13.234 GC heap before
{Heap before GC invocations=8 (full 1):
 PSYoungGen      total 108544K, used 108370K [0x00000000d5c00000, 0x00000000dec00000, 0x0000000100000000)
  eden space 102912K, 100% used [0x00000000d5c00000,0x00000000dc080000,0x00000000dc080000)
  from space 5632K, 96% used [0x00000000de680000,0x00000000debd4868,0x00000000dec00000)
  to   space 8192K, 0% used [0x00000000ddc00000,0x00000000ddc00000,0x00000000de400000)
 ParOldGen       total 56320K, used 5748K [0x0000000081400000, 0x0000000084b00000, 0x00000000d5c00000)
  object space 56320K, 10% used [0x0000000081400000,0x000000008199d198,0x0000000084b00000)
 Metaspace       used 29784K, capacity 31202K, committed 31280K, reserved 1077248K
  class space    used 3864K, capacity 4142K, committed 4144K, reserved 1048576K
Event: 13.259 GC heap after
Heap after GC invocations=8 (full 1):
 PSYoungGen      total 139264K, used 8162K [0x00000000d5c00000, 0x00000000e0680000, 0x0000000100000000)
  eden space 131072K, 0% used [0x00000000d5c00000,0x00000000d5c00000,0x00000000ddc00000)
  from space 8192K, 99% used [0x00000000ddc00000,0x00000000de3f8810,0x00000000de400000)
  to   space 10240K, 0% used [0x00000000dfc80000,0x00000000dfc80000,0x00000000e0680000)
 ParOldGen       total 56320K, used 8103K [0x0000000081400000, 0x0000000084b00000, 0x00000000d5c00000)
  object space 56320K, 14% used [0x0000000081400000,0x0000000081be9d58,0x0000000084b00000)
 Metaspace       used 29784K, capacity 31202K, committed 31280K, reserved 1077248K
  class space    used 3864K, capacity 4142K, committed 4144K, reserved 1048576K
}
Event: 17.710 GC heap before
{Heap before GC invocations=9 (full 1):
 PSYoungGen      total 139264K, used 119240K [0x00000000d5c00000, 0x00000000e0680000, 0x0000000100000000)
  eden space 131072K, 84% used [0x00000000d5c00000,0x00000000dc879918,0x00000000ddc00000)
  from space 8192K, 99% used [0x00000000ddc00000,0x00000000de3f8810,0x00000000de400000)
  to   space 10240K, 0% used [0x00000000dfc80000,0x00000000dfc80000,0x00000000e0680000)
 ParOldGen       total 56320K, used 8103K [0x0000000081400000, 0x0000000084b00000, 0x00000000d5c00000)
  object space 56320K, 14% used [0x0000000081400000,0x0000000081be9d58,0x0000000084b00000)
 Metaspace       used 33863K, capacity 35350K, committed 35496K, reserved 1079296K
  class space    used 4381K, capacity 4692K, committed 4776K, reserved 1048576K
Event: 17.754 GC heap after
Heap after GC invocations=9 (full 1):
 PSYoungGen      total 160768K, used 10209K [0x00000000d5c00000, 0x00000000e3280000, 0x0000000100000000)
  eden space 150528K, 0% used [0x00000000d5c00000,0x00000000d5c00000,0x00000000def00000)
  from space 10240K, 99% used [0x00000000dfc80000,0x00000000e06787c8,0x00000000e0680000)
  to   space 13824K, 0% used [0x00000000def00000,0x00000000def00000,0x00000000dfc80000)
 ParOldGen       total 56320K, used 12740K [0x0000000081400000, 0x0000000084b00000, 0x00000000d5c00000)
  object space 56320K, 22% used [0x0000000081400000,0x0000000082071370,0x0000000084b00000)
 Metaspace       used 33863K, capacity 35350K, committed 35496K, reserved 1079296K
  class space    used 4381K, capacity 4692K, committed 4776K, reserved 1048576K
}
Event: 17.754 GC heap before
{Heap before GC invocations=10 (full 2):
 PSYoungGen      total 160768K, used 10209K [0x00000000d5c00000, 0x00000000e3280000, 0x0000000100000000)
  eden space 150528K, 0% used [0x00000000d5c00000,0x00000000d5c00000,0x00000000def00000)
  from space 10240K, 99% used [0x00000000dfc80000,0x00000000e06787c8,0x00000000e0680000)
  to   space 13824K, 0% used [0x00000000def00000,0x00000000def00000,0x00000000dfc80000)
 ParOldGen       total 56320K, used 12740K [0x0000000081400000, 0x0000000084b00000, 0x00000000d5c00000)
  object space 56320K, 22% used [0x0000000081400000,0x0000000082071370,0x0000000084b00000)
 Metaspace       used 33863K, capacity 35350K, committed 35496K, reserved 1079296K
  class space    used 4381K, capacity 4692K, committed 4776K, reserved 1048576K
Event: 18.044 GC heap after
Heap after GC invocations=10 (full 2):
 PSYoungGen      total 160768K, used 0K [0x00000000d5c00000, 0x00000000e3280000, 0x0000000100000000)
  eden space 150528K, 0% used [0x00000000d5c00000,0x00000000d5c00000,0x00000000def00000)
  from space 10240K, 0% used [0x00000000dfc80000,0x00000000dfc80000,0x00000000e0680000)
  to   space 13824K, 0% used [0x00000000def00000,0x00000000def00000,0x00000000dfc80000)
 ParOldGen       total 97792K, used 18744K [0x0000000081400000, 0x0000000087380000, 0x00000000d5c00000)
  object space 97792K, 19% used [0x0000000081400000,0x000000008264e3c8,0x0000000087380000)
 Metaspace       used 33863K, capacity 35350K, committed 35496K, reserved 1079296K
  class space    used 4381K, capacity 4692K, committed 4776K, reserved 1048576K
}

Deoptimization events (10 events):
Event: 19.160 Thread 0x000000001a340800 Uncommon trap: reason=class_check action=maybe_recompile pc=0x000000000396ee44 method=java.util.AbstractList$Itr.next()Ljava/lang/Object; @ 14
Event: 19.167 Thread 0x000000001a340800 Uncommon trap: reason=class_check action=maybe_recompile pc=0x0000000003858d54 method=java.util.AbstractList$Itr.hasNext()Z @ 8
Event: 19.168 Thread 0x000000001a340800 Uncommon trap: reason=class_check action=maybe_recompile pc=0x000000000396ee44 method=java.util.AbstractList$Itr.next()Ljava/lang/Object; @ 14
Event: 19.998 Thread 0x000000001a340800 Uncommon trap: reason=unstable_if action=reinterpret pc=0x00000000031a6dbc method=java.net.URI.match(CJJ)Z @ 45
Event: 20.007 Thread 0x000000001a340800 Uncommon trap: reason=unstable_if action=reinterpret pc=0x0000000003a9ef24 method=java.util.Properties$LineReader.readLine()I @ 328
Event: 20.035 Thread 0x000000001a340800 Uncommon trap: reason=unstable_if action=reinterpret pc=0x0000000003aabc18 method=java.util.Properties.load0(Ljava/util/Properties$LineReader;)V @ 161
Event: 20.400 Thread 0x000000001a340800 Uncommon trap: reason=unstable_if action=reinterpret pc=0x0000000003316fa0 method=java.util.Properties$LineReader.readLine()I @ 174
Event: 20.538 Thread 0x000000001a340800 Uncommon trap: reason=unstable_if action=reinterpret pc=0x00000000039e6308 method=java.lang.Class.arrayContentsEq([Ljava/lang/Object;[Ljava/lang/Object;)Z @ 1
Event: 20.562 Thread 0x000000001a340800 Uncommon trap: reason=bimorphic action=maybe_recompile pc=0x00000000033ed294 method=java.lang.ClassLoader.loadClass(Ljava/lang/String;Z)Ljava/lang/Class; @ 70
Event: 20.918 Thread 0x000000001a340800 Uncommon trap: reason=unstable_if action=reinterpret pc=0x00000000039de73c method=java.lang.String.valueOf(Ljava/lang/Object;)Ljava/lang/String; @ 1

Classes redefined (0 events):
No events

Internal exceptions (10 events):
Event: 17.501 Thread 0x000000001a340800 Exception <a 'java/lang/ClassNotFoundException': java/lang/ObjectCustomizer> (0x00000000dc3df570) thrown at [C:\re\workspace\8-2-build-windows-amd64-cygwin\jdk8u171\10807\hotspot\src\share\vm\classfile\systemDictionary.cpp, line 210]
Event: 17.507 Thread 0x000000001a340800 Exception <a 'java/lang/ClassNotFoundException': org/springframework/security/config/annotation/authentication/configuration/AuthenticationConfigurationCustomizer> (0x00000000dc408d58) thrown at [C:\re\workspace\8-2-build-windows-amd64-cygwin\jdk8u171\108
Event: 17.516 Thread 0x000000001a340800 Exception <a 'java/lang/ClassNotFoundException': org/springframework/security/config/annotation/authentication/configuration/AuthenticationConfiguration$$EnhancerBySpringCGLIB$$b5c8b50aCustomizer> (0x00000000dc448130) thrown at [C:\re\workspace\8-2-build-
Event: 17.526 Thread 0x000000001a340800 Exception <a 'java/lang/ClassNotFoundException': org/springframework/context/annotation/ConfigurationClassEnhancer$EnhancedConfigurationCustomizer> (0x00000000dc478420) thrown at [C:\re\workspace\8-2-build-windows-amd64-cygwin\jdk8u171\10807\hotspot\src\s
Event: 17.528 Thread 0x000000001a340800 Exception <a 'java/lang/ClassNotFoundException': org/springframework/beans/factory/BeanFactoryAwareCustomizer> (0x00000000dc490eb8) thrown at [C:\re\workspace\8-2-build-windows-amd64-cygwin\jdk8u171\10807\hotspot\src\share\vm\classfile\systemDictionary.cp
Event: 17.529 Thread 0x000000001a340800 Exception <a 'java/lang/ClassNotFoundException': org/springframework/beans/factory/AwareCustomizer> (0x00000000dc4a7f08) thrown at [C:\re\workspace\8-2-build-windows-amd64-cygwin\jdk8u171\10807\hotspot\src\share\vm\classfile\systemDictionary.cpp, line 210
Event: 18.070 Thread 0x000000001a340800 Implicit null exception at 0x00000000038731ac to 0x00000000038731c7
Event: 18.312 Thread 0x000000001a340800 Implicit null exception at 0x00000000031edf54 to 0x00000000031ee2fd
Event: 20.537 Thread 0x000000001a340800 Implicit null exception at 0x00000000039e606a to 0x00000000039e62dd
Event: 20.918 Thread 0x000000001a340800 Implicit null exception at 0x00000000039de2f4 to 0x00000000039de725

Events (10 events):
Event: 21.307 loading class org/hibernate/boot/spi/InFlightMetadataCollector$DuplicateSecondaryTableException
Event: 21.307 loading class org/hibernate/boot/spi/InFlightMetadataCollector$DuplicateSecondaryTableException done
Event: 21.308 loading class org/hibernate/cfg/PropertyHolderBuilder
Event: 21.308 loading class org/hibernate/cfg/PropertyHolderBuilder done
Event: 21.308 loading class org/hibernate/cfg/PropertyHolder
Event: 21.308 loading class org/hibernate/cfg/PropertyHolder done
Event: 21.309 loading class org/hibernate/cfg/ClassPropertyHolder
Event: 21.309 loading class org/hibernate/cfg/ClassPropertyHolder done
Event: 21.310 loading class org/hibernate/cfg/AbstractPropertyHolder
Event: 21.310 loading class org/hibernate/cfg/AbstractPropertyHolder done


Dynamic libraries:
0x00007ff6e0070000 - 0x00007ff6e00a7000 	C:\Program Files\Java\jdk1.8.0_171\bin\java.exe
0x00007ffb01a90000 - 0x00007ffb01c7d000 	C:\WINDOWS\SYSTEM32\ntdll.dll
0x00007ffb00ed0000 - 0x00007ffb00f83000 	C:\WINDOWS\System32\KERNEL32.DLL
0x00007ffafdc60000 - 0x00007ffafdef3000 	C:\WINDOWS\System32\KERNELBASE.dll
0x00007ffb00fd0000 - 0x00007ffb01073000 	C:\WINDOWS\System32\ADVAPI32.dll
0x00007ffb01680000 - 0x00007ffb0171e000 	C:\WINDOWS\System32\msvcrt.dll
0x00007ffb00e30000 - 0x00007ffb00ece000 	C:\WINDOWS\System32\sechost.dll
0x00007ffb01930000 - 0x00007ffb01a52000 	C:\WINDOWS\System32\RPCRT4.dll
0x00007ffaff470000 - 0x00007ffaff607000 	C:\WINDOWS\System32\USER32.dll
0x00007ffafe8e0000 - 0x00007ffafe900000 	C:\WINDOWS\System32\win32u.dll
0x00007ffb00fa0000 - 0x00007ffb00fc9000 	C:\WINDOWS\System32\GDI32.dll
0x00007ffafea50000 - 0x00007ffafebea000 	C:\WINDOWS\System32\gdi32full.dll
0x00007ffafe950000 - 0x00007ffafe9f0000 	C:\WINDOWS\System32\msvcp_win.dll
0x00007ffafdb60000 - 0x00007ffafdc5a000 	C:\WINDOWS\System32\ucrtbase.dll
0x00007ffadd8e0000 - 0x00007ffaddb59000 	C:\WINDOWS\WinSxS\amd64_microsoft.windows.common-controls_6595b64144ccf1df_6.0.17763.503_none_05b23ef40721f4ae\COMCTL32.dll
0x00007ffafef10000 - 0x00007ffaff23c000 	C:\WINDOWS\System32\combase.dll
0x00007ffafec40000 - 0x00007ffafecbe000 	C:\WINDOWS\System32\bcryptPrimitives.dll
0x00007ffaff730000 - 0x00007ffaff75e000 	C:\WINDOWS\System32\IMM32.DLL
0x0000000070930000 - 0x0000000070a02000 	C:\Program Files\Java\jdk1.8.0_171\jre\bin\msvcr100.dll
0x0000000070a10000 - 0x00000000712b0000 	C:\Program Files\Java\jdk1.8.0_171\jre\bin\server\jvm.dll
0x00007ffb01080000 - 0x00007ffb01088000 	C:\WINDOWS\System32\PSAPI.DLL
0x00007ffaeca50000 - 0x00007ffaeca59000 	C:\WINDOWS\SYSTEM32\WSOCK32.dll
0x00007ffaff610000 - 0x00007ffaff67d000 	C:\WINDOWS\System32\WS2_32.dll
0x00007ffaf9e60000 - 0x00007ffaf9e84000 	C:\WINDOWS\SYSTEM32\WINMM.dll
0x00007ffaf2d20000 - 0x00007ffaf2d2a000 	C:\WINDOWS\SYSTEM32\VERSION.dll
0x00007ffaf9e30000 - 0x00007ffaf9e5d000 	C:\WINDOWS\SYSTEM32\WINMMBASE.dll
0x00007ffafe900000 - 0x00007ffafe94a000 	C:\WINDOWS\System32\cfgmgr32.dll
0x0000000072de0000 - 0x0000000072def000 	C:\Program Files\Java\jdk1.8.0_171\jre\bin\verify.dll
0x0000000072db0000 - 0x0000000072dd9000 	C:\Program Files\Java\jdk1.8.0_171\jre\bin\java.dll
0x0000000072d90000 - 0x0000000072da6000 	C:\Program Files\Java\jdk1.8.0_171\jre\bin\zip.dll
0x00007ffaff760000 - 0x00007ffb00c50000 	C:\WINDOWS\System32\SHELL32.dll
0x00007ffb015d0000 - 0x00007ffb01678000 	C:\WINDOWS\System32\shcore.dll
0x00007ffafdf00000 - 0x00007ffafe64a000 	C:\WINDOWS\System32\windows.storage.dll
0x00007ffafdb30000 - 0x00007ffafdb54000 	C:\WINDOWS\System32\profapi.dll
0x00007ffafda90000 - 0x00007ffafdaed000 	C:\WINDOWS\System32\powrprof.dll
0x00007ffb00dd0000 - 0x00007ffb00e22000 	C:\WINDOWS\System32\shlwapi.dll
0x00007ffafdaf0000 - 0x00007ffafdb01000 	C:\WINDOWS\System32\kernel.appcore.dll
0x00007ffafebf0000 - 0x00007ffafec07000 	C:\WINDOWS\System32\cryptsp.dll
0x0000000072d80000 - 0x0000000072d8d000 	C:\Program Files\Java\jdk1.8.0_171\jre\bin\management.dll
0x0000000070910000 - 0x000000007092a000 	C:\Program Files\Java\jdk1.8.0_171\jre\bin\net.dll
0x00007ffafced0000 - 0x00007ffafcf37000 	C:\WINDOWS\system32\mswsock.dll
0x00007ffadcd40000 - 0x00007ffadcd56000 	C:\WINDOWS\system32\napinsp.dll
0x00007ffadc840000 - 0x00007ffadc85a000 	C:\WINDOWS\system32\pnrpnsp.dll
0x00007ffafcc70000 - 0x00007ffafcd36000 	C:\WINDOWS\SYSTEM32\DNSAPI.dll
0x00007ffb00c50000 - 0x00007ffb00c58000 	C:\WINDOWS\System32\NSI.dll
0x00007ffafcc30000 - 0x00007ffafcc6d000 	C:\WINDOWS\SYSTEM32\IPHLPAPI.DLL
0x00007ffaf2020000 - 0x00007ffaf202e000 	C:\WINDOWS\System32\winrnr.dll
0x00007ffaf9bc0000 - 0x00007ffaf9bdb000 	C:\WINDOWS\system32\NLAapi.dll
0x00007fface680000 - 0x00007fface695000 	C:\WINDOWS\system32\wshbth.dll
0x00000000726c0000 - 0x00000000726e6000 	C:\Program Files\Bonjour\mdnsNSP.dll
0x00007ffaeed50000 - 0x00007ffaeed5a000 	C:\Windows\System32\rasadhlp.dll
0x00007ffaf0280000 - 0x00007ffaf02f9000 	C:\WINDOWS\System32\fwpuclnt.dll
0x00007ffafec10000 - 0x00007ffafec36000 	C:\WINDOWS\System32\bcrypt.dll
0x00000000708f0000 - 0x0000000070901000 	C:\Program Files\Java\jdk1.8.0_171\jre\bin\nio.dll
0x00007ffafca90000 - 0x00007ffafcac3000 	C:\WINDOWS\system32\rsaenh.dll
0x00007ffafd990000 - 0x00007ffafd9b8000 	C:\WINDOWS\SYSTEM32\USERENV.dll
0x00007ffafd100000 - 0x00007ffafd10c000 	C:\WINDOWS\SYSTEM32\CRYPTBASE.dll
0x00007ffaf34e0000 - 0x00007ffaf34f6000 	C:\WINDOWS\SYSTEM32\dhcpcsvc6.DLL
0x00007ffaf34c0000 - 0x00007ffaf34dc000 	C:\WINDOWS\SYSTEM32\dhcpcsvc.DLL

VM Arguments:
java_command: com.tezamess.main.AppchatApplication
java_class_path (initial): F:\tezamess\target\classes;C:\Users\user.MINHTRI\.m2\repository\org\springframework\boot\spring-boot-starter-web\2.1.4.RELEASE\spring-boot-starter-web-2.1.4.RELEASE.jar;C:\Users\user.MINHTRI\.m2\repository\org\springframework\boot\spring-boot-starter\2.1.4.RELEASE\spring-boot-starter-2.1.4.RELEASE.jar;C:\Users\user.MINHTRI\.m2\repository\org\springframework\boot\spring-boot-starter-logging\2.1.4.RELEASE\spring-boot-starter-logging-2.1.4.RELEASE.jar;C:\Users\user.MINHTRI\.m2\repository\ch\qos\logback\logback-classic\1.2.3\logback-classic-1.2.3.jar;C:\Users\user.MINHTRI\.m2\repository\ch\qos\logback\logback-core\1.2.3\logback-core-1.2.3.jar;C:\Users\user.MINHTRI\.m2\repository\org\apache\logging\log4j\log4j-to-slf4j\2.11.2\log4j-to-slf4j-2.11.2.jar;C:\Users\user.MINHTRI\.m2\repository\org\apache\logging\log4j\log4j-api\2.11.2\log4j-api-2.11.2.jar;C:\Users\user.MINHTRI\.m2\repository\org\slf4j\jul-to-slf4j\1.7.26\jul-to-slf4j-1.7.26.jar;C:\Users\user.MINHTRI\.m2\repository\javax\annotation\javax.annotation-api\1.3.2\javax.annotation-api-1.3.2.jar;C:\Users\user.MINHTRI\.m2\repository\org\yaml\snakeyaml\1.23\snakeyaml-1.23.jar;C:\Users\user.MINHTRI\.m2\repository\org\springframework\boot\spring-boot-starter-json\2.1.4.RELEASE\spring-boot-starter-json-2.1.4.RELEASE.jar;C:\Users\user.MINHTRI\.m2\repository\com\fasterxml\jackson\core\jackson-databind\2.9.8\jackson-databind-2.9.8.jar;C:\Users\user.MINHTRI\.m2\repository\com\fasterxml\jackson\core\jackson-annotations\2.9.0\jackson-annotations-2.9.0.jar;C:\Users\user.MINHTRI\.m2\repository\com\fasterxml\jackson\core\jackson-core\2.9.8\jackson-core-2.9.8.jar;C:\Users\user.MINHTRI\.m2\repository\com\fasterxml\jackson\datatype\jackson-datatype-jdk8\2.9.8\jackson-datatype-jdk8-2.9.8.jar;C:\Users\user.MINHTRI\.m2\repository\com\fasterxml\jackson\datatype\jackson-datatype-jsr310\2.9.8\jackson-datatype-jsr310-2.9.8.jar;C:\Users\user.MINHTRI\.m2\repository\com\fasterxml\jackson\module\jackson-module-parame
Launcher Type: SUN_STANDARD

Environment Variables:
JAVA_HOME=C:\Program Files\Java\jdk1.8.0_171
JRE_HOME=C:\Program Files\Java\jre1.8.0_211
PATH=C:\Program Files (x86)\Common Files\Oracle\Java\javapath;%JDK_HOME%\bin;%M2_HOME%\bin;C:\ProgramData\Oracle\Java\javapath;C:\WINDOWS\system32;C:\WINDOWS;C:\WINDOWS\System32\Wbem;C:\WINDOWS\System32\WindowsPowerShell\v1.0\;C:\Program Files (x86)\Skype\Phone\;C:\Program Files (x86)\Microsoft SQL Server\100\Tools\Binn\;C:\Program Files\Microsoft SQL Server\100\Tools\Binn\;C:\Program Files\Microsoft SQL Server\100\DTS\Binn\;C:\Program Files\dotnet\;C:\Program Files\Intel\WiFi\bin\;C:\Program Files\Common Files\Intel\WirelessCommon\;C:\WINDOWS\System32\OpenSSH\;C:\Program Files\Microsoft SQL Server\130\Tools\Binn\;C:\Program Files\Microsoft SQL Server\120\Tools\Binn\;C:\Program Files\Microsoft SQL Server\Client SDK\ODBC\110\Tools\Binn\;C:\Program Files (x86)\Microsoft SQL Server\120\Tools\Binn\;C:\Program Files\Microsoft SQL Server\120\DTS\Binn\;C:\Program Files (x86)\Microsoft SQL Server\120\Tools\Binn\ManagementStudio\;C:\Program Files (x86)\Microsoft SQL Server\120\DTS\Binn\;C:\Program Files\Git\cmd;C:\Program Files\nodejs\;C:\apache-maven-3.6.1\bin;C:\Users\user.MINHTRI\AppData\Local\Microsoft\WindowsApps;C:\Users\user.MINHTRI\AppData\Roaming\npm;C:\Users\user.MINHTRI\AppData\Local\Programs\Microsoft VS Code\bin
USERNAME=user
OS=Windows_NT
PROCESSOR_IDENTIFIER=Intel64 Family 6 Model 61 Stepping 4, GenuineIntel



---------------  S Y S T E M  ---------------

OS: Windows 10.0 , 64 bit Build 17763 (10.0.17763.475)

CPU:total 4 (initial active 4) (2 cores per cpu, 2 threads per core) family 6 model 61 stepping 4, cmov, cx8, fxsr, mmx, sse, sse2, sse3, ssse3, sse4.1, sse4.2, popcnt, avx, avx2, aes, clmul, erms, 3dnowpref, lzcnt, ht, tsc, tscinvbit, bmi1, bmi2, adx

Memory: 4k page, physical 8300384k(471476k free), swap 12592992k(6464k free)

vm_info: Java HotSpot(TM) 64-Bit Server VM (25.171-b11) for windows-amd64 JRE (1.8.0_171-b11), built on Mar 28 2018 16:06:12 by "java_re" with MS VC++ 10.0 (VS2010)

time: Sat May 25 23:50:36 2019
elapsed time: 21 seconds (0d 0h 0m 21s)

