#
# There is insufficient memory for the Java Runtime Environment to continue.
# Native memory allocation (malloc) failed to allocate 32744 bytes for ChunkPool::allocate
# Possible reasons:
#   The system is out of physical RAM or swap space
#   In 32 bit mode, the process size limit was hit
# Possible solutions:
#   Reduce memory load on the system
#   Increase physical memory or swap space
#   Check if swap backing store is full
#   Use 64 bit Java on a 64 bit OS
#   Decrease Java heap size (-Xmx/-Xms)
#   Decrease number of Java threads
#   Decrease Java thread stack sizes (-Xss)
#   Set larger code cache with -XX:ReservedCodeCacheSize=
# This output file may be truncated or incomplete.
#
#  Out of Memory Error (allocation.cpp:273), pid=4592, tid=0x00000000000033f0
#
# JRE version: Java(TM) SE Runtime Environment (8.0_171-b11) (build 1.8.0_171-b11)
# Java VM: Java HotSpot(TM) 64-Bit Server VM (25.171-b11 mixed mode windows-amd64 compressed oops)
# Failed to write core dump. Minidumps are not enabled by default on client versions of Windows
#

---------------  T H R E A D  ---------------

Current thread (0x00000000178fa800):  JavaThread "C2 CompilerThread0" daemon [_thread_in_native, id=13296, stack(0x0000000018f50000,0x0000000019050000)]

Stack: [0x0000000018f50000,0x0000000019050000]
[error occurred during error reporting (printing stack bounds), id 0xc0000005]

Native frames: (J=compiled Java code, j=interpreted, Vv=VM code, C=native code)


Current CompileTask:
C2:23041605 11834   !   4       org.springframework.beans.factory.support.ConstructorResolver::instantiateUsingFactoryMethod (1488 bytes)


---------------  P R O C E S S  ---------------

Java Threads: ( => current thread )
  0x000000001de3a800 JavaThread "http-nio-8080-Acceptor-0" daemon [_thread_in_native, id=1856, stack(0x000000004d570000,0x000000004d670000)]
  0x000000001de3d000 JavaThread "http-nio-8080-ClientPoller-1" daemon [_thread_in_native, id=11500, stack(0x000000004d470000,0x000000004d570000)]
  0x000000001de35800 JavaThread "http-nio-8080-ClientPoller-0" daemon [_thread_in_native, id=7516, stack(0x000000004d370000,0x000000004d470000)]
  0x000000001de37000 JavaThread "http-nio-8080-exec-10" daemon [_thread_blocked, id=11632, stack(0x000000004d270000,0x000000004d370000)]
  0x000000001de39000 JavaThread "http-nio-8080-exec-9" daemon [_thread_blocked, id=10348, stack(0x000000004d170000,0x000000004d270000)]
  0x000000001ea1f800 JavaThread "http-nio-8080-exec-8" daemon [_thread_blocked, id=10632, stack(0x000000004d070000,0x000000004d170000)]
  0x000000001ea26000 JavaThread "http-nio-8080-exec-7" daemon [_thread_blocked, id=12420, stack(0x000000004cf70000,0x000000004d070000)]
  0x000000001ea21800 JavaThread "http-nio-8080-exec-6" daemon [_thread_blocked, id=6720, stack(0x000000004ce70000,0x000000004cf70000)]
  0x000000001ea24800 JavaThread "http-nio-8080-exec-5" daemon [_thread_blocked, id=9932, stack(0x000000004cd70000,0x000000004ce70000)]
  0x000000001ea21000 JavaThread "http-nio-8080-exec-4" daemon [_thread_blocked, id=6428, stack(0x000000004cc70000,0x000000004cd70000)]
  0x000000001ea24000 JavaThread "http-nio-8080-exec-3" daemon [_thread_blocked, id=9340, stack(0x000000004cb70000,0x000000004cc70000)]
  0x000000001ea22800 JavaThread "http-nio-8080-exec-2" daemon [_thread_blocked, id=6456, stack(0x000000004ca70000,0x000000004cb70000)]
  0x000000001ea18000 JavaThread "http-nio-8080-exec-1" daemon [_thread_blocked, id=4300, stack(0x000000004c970000,0x000000004ca70000)]
  0x000000001ea1e000 JavaThread "NioBlockingSelector.BlockPoller-6" daemon [_thread_in_native, id=8092, stack(0x000000004c870000,0x000000004c970000)]
  0x000000001ea1b800 JavaThread "File Watcher" daemon [_thread_blocked, id=1928, stack(0x000000004c770000,0x000000004c870000)]
  0x000000001ea1e800 JavaThread "MessageBroker-1" [_thread_blocked, id=9952, stack(0x000000004c670000,0x000000004c770000)]
  0x000000001ea1c800 JavaThread "container-0" [_thread_blocked, id=10976, stack(0x000000004c570000,0x000000004c670000)]
  0x000000001ea1a000 JavaThread "Catalina-utility-2" [_thread_blocked, id=7936, stack(0x000000004c470000,0x000000004c570000)]
  0x000000001ea19800 JavaThread "Catalina-utility-1" [_thread_in_Java, id=12308, stack(0x000000004c370000,0x000000004c470000)]
  0x000000001de3f000 JavaThread "DestroyJavaVM" [_thread_blocked, id=12628, stack(0x0000000002b80000,0x0000000002c80000)]
  0x000000001ad47800 JavaThread "Live Reload Server" daemon [_thread_in_native, id=4268, stack(0x0000000022d70000,0x0000000022e70000)]
  0x000000001ad46000 JavaThread "mysql-cj-abandoned-connection-cleanup" daemon [_thread_blocked, id=11804, stack(0x000000001eb40000,0x000000001ec40000)]
  0x00000000192c0000 JavaThread "Service Thread" daemon [_thread_blocked, id=2792, stack(0x0000000019650000,0x0000000019750000)]
  0x0000000017904800 JavaThread "C1 CompilerThread2" daemon [_thread_blocked, id=2748, stack(0x0000000019150000,0x0000000019250000)]
  0x00000000178fc800 JavaThread "C2 CompilerThread1" daemon [_thread_blocked, id=7244, stack(0x0000000019050000,0x0000000019150000)]
=>0x00000000178fa800 JavaThread "C2 CompilerThread0" daemon [_thread_in_native, id=13296, stack(0x0000000018f50000,0x0000000019050000)]
  0x000000001794d800 JavaThread "Attach Listener" daemon [_thread_blocked, id=2032, stack(0x0000000018e50000,0x0000000018f50000)]
  0x000000001794c800 JavaThread "Signal Dispatcher" daemon [_thread_blocked, id=12976, stack(0x0000000018d50000,0x0000000018e50000)]
  0x00000000178e0800 JavaThread "Finalizer" daemon [_thread_blocked, id=1640, stack(0x0000000018b50000,0x0000000018c50000)]
  0x0000000002d76000 JavaThread "Reference Handler" daemon [_thread_blocked, id=11356, stack(0x0000000018a50000,0x0000000018b50000)]

Other Threads:
  0x00000000178b7000 VMThread [stack: 0x0000000018950000,0x0000000018a50000] [id=12684]
  0x00000000192eb000 WatcherThread [stack: 0x0000000019750000,0x0000000019850000] [id=11292]

VM state:not at safepoint (normal execution)

VM Mutex/Monitor currently owned by a thread: None

Heap:
 PSYoungGen      total 579584K, used 161523K [0x00000000d5c00000, 0x00000000fab00000, 0x0000000100000000)
  eden space 571392K, 28% used [0x00000000d5c00000,0x00000000df9bcf90,0x00000000f8a00000)
  from space 8192K, 0% used [0x00000000f8a00000,0x00000000f8a00000,0x00000000f9200000)
  to   space 16896K, 0% used [0x00000000f9a80000,0x00000000f9a80000,0x00000000fab00000)
 ParOldGen       total 123904K, used 24952K [0x0000000081400000, 0x0000000088d00000, 0x00000000d5c00000)
  object space 123904K, 20% used [0x0000000081400000,0x0000000082c5e178,0x0000000088d00000)
 Metaspace       used 69496K, capacity 72270K, committed 72536K, reserved 1112064K
  class space    used 8977K, capacity 9511K, committed 9600K, reserved 1048576K

Card table byte_map: [0x0000000012140000,0x0000000012540000] byte_map_base: 0x0000000011d36000

Marking Bits: (ParMarkBitMap*) 0x0000000056e808c0
 Begin Bits: [0x0000000012bf0000, 0x0000000014ba0000)
 End Bits:   [0x0000000014ba0000, 0x0000000016b50000)

Polling page: 0x0000000000d20000

CodeCache: size=245760Kb used=33540Kb max_used=33540Kb free=212219Kb
 bounds [0x0000000002d80000, 0x0000000004e80000, 0x0000000011d80000]
 total_blobs=10519 nmethods=9936 adapters=494
 compilation: enabled

Compilation events (10 events):
Event: 23041.560 Thread 0x00000000178fc800 nmethod 11837 0x0000000004e67bd0 code [0x0000000004e67d40, 0x0000000004e68038]
Event: 23041.571 Thread 0x0000000017904800 11838       3       org.springframework.jmx.support.JmxUtils::getMBeanInterface (92 bytes)
Event: 23041.572 Thread 0x0000000017904800 nmethod 11838 0x0000000004e6b610 code [0x0000000004e6b860, 0x0000000004e6c6f8]
Event: 23041.572 Thread 0x0000000017904800 11839       3       org.springframework.jmx.support.JmxUtils::getMXBeanInterface (63 bytes)
Event: 23041.573 Thread 0x0000000017904800 nmethod 11839 0x0000000004e699d0 code [0x0000000004e69b80, 0x0000000004e6a0e8]
Event: 23041.574 Thread 0x00000000178fc800 11840       4       java.util.Collections::addAll (43 bytes)
Event: 23041.576 Thread 0x00000000178fc800 nmethod 11840 0x0000000004e67890 code [0x0000000004e679e0, 0x0000000004e67ad8]
Event: 23041.588 Thread 0x0000000017904800 11841       3       java.nio.ByteBuffer::equals (11 bytes)
Event: 23041.589 Thread 0x0000000017904800 nmethod 11841 0x0000000004e69690 code [0x0000000004e697e0, 0x0000000004e69970]
Event: 23041.596 Thread 0x0000000017904800 11842   !   3       ch.qos.logback.core.UnsynchronizedAppenderBase::doAppend (214 bytes)

GC Heap History (10 events):
Event: 21760.657 GC heap before
{Heap before GC invocations=23 (full 6):
 PSYoungGen      total 519168K, used 518854K [0x00000000d5c00000, 0x00000000f7680000, 0x0000000100000000)
  eden space 507392K, 100% used [0x00000000d5c00000,0x00000000f4b80000,0x00000000f4b80000)
  from space 11776K, 97% used [0x00000000f6b00000,0x00000000f7631b10,0x00000000f7680000)
  to   space 18432K, 0% used [0x00000000f5280000,0x00000000f5280000,0x00000000f6480000)
 ParOldGen       total 123904K, used 24018K [0x0000000081400000, 0x0000000088d00000, 0x00000000d5c00000)
  object space 123904K, 19% used [0x0000000081400000,0x0000000082b74a60,0x0000000088d00000)
 Metaspace       used 68442K, capacity 71202K, committed 71384K, reserved 1112064K
  class space    used 8902K, capacity 9435K, committed 9472K, reserved 1048576K
Event: 21761.085 GC heap after
Heap after GC invocations=23 (full 6):
 PSYoungGen      total 532992K, used 10226K [0x00000000d5c00000, 0x00000000fac00000, 0x0000000100000000)
  eden space 514560K, 0% used [0x00000000d5c00000,0x00000000d5c00000,0x00000000f5280000)
  from space 18432K, 55% used [0x00000000f5280000,0x00000000f5c7c818,0x00000000f6480000)
  to   space 17408K, 0% used [0x00000000f9b00000,0x00000000f9b00000,0x00000000fac00000)
 ParOldGen       total 123904K, used 24026K [0x0000000081400000, 0x0000000088d00000, 0x00000000d5c00000)
  object space 123904K, 19% used [0x0000000081400000,0x0000000082b76a60,0x0000000088d00000)
 Metaspace       used 68442K, capacity 71202K, committed 71384K, reserved 1112064K
  class space    used 8902K, capacity 9435K, committed 9472K, reserved 1048576K
}
Event: 23028.504 GC heap before
{Heap before GC invocations=24 (full 6):
 PSYoungGen      total 532992K, used 164300K [0x00000000d5c00000, 0x00000000fac00000, 0x0000000100000000)
  eden space 514560K, 29% used [0x00000000d5c00000,0x00000000df276ad8,0x00000000f5280000)
  from space 18432K, 55% used [0x00000000f5280000,0x00000000f5c7c818,0x00000000f6480000)
  to   space 17408K, 0% used [0x00000000f9b00000,0x00000000f9b00000,0x00000000fac00000)
 ParOldGen       total 123904K, used 24026K [0x0000000081400000, 0x0000000088d00000, 0x00000000d5c00000)
  object space 123904K, 19% used [0x0000000081400000,0x0000000082b76a60,0x0000000088d00000)
 Metaspace       used 68509K, capacity 71284K, committed 71384K, reserved 1112064K
  class space    used 8904K, capacity 9439K, committed 9472K, reserved 1048576K
Event: 23028.528 GC heap after
Heap after GC invocations=24 (full 6):
 PSYoungGen      total 588800K, used 5520K [0x00000000d5c00000, 0x00000000fac00000, 0x0000000100000000)
  eden space 571392K, 0% used [0x00000000d5c00000,0x00000000d5c00000,0x00000000f8a00000)
  from space 17408K, 31% used [0x00000000f9b00000,0x00000000fa0640e0,0x00000000fac00000)
  to   space 17408K, 0% used [0x00000000f8a00000,0x00000000f8a00000,0x00000000f9b00000)
 ParOldGen       total 123904K, used 24034K [0x0000000081400000, 0x0000000088d00000, 0x00000000d5c00000)
  object space 123904K, 19% used [0x0000000081400000,0x0000000082b78a60,0x0000000088d00000)
 Metaspace       used 68509K, capacity 71284K, committed 71384K, reserved 1112064K
  class space    used 8904K, capacity 9439K, committed 9472K, reserved 1048576K
}
Event: 23028.528 GC heap before
{Heap before GC invocations=25 (full 7):
 PSYoungGen      total 588800K, used 5520K [0x00000000d5c00000, 0x00000000fac00000, 0x0000000100000000)
  eden space 571392K, 0% used [0x00000000d5c00000,0x00000000d5c00000,0x00000000f8a00000)
  from space 17408K, 31% used [0x00000000f9b00000,0x00000000fa0640e0,0x00000000fac00000)
  to   space 17408K, 0% used [0x00000000f8a00000,0x00000000f8a00000,0x00000000f9b00000)
 ParOldGen       total 123904K, used 24034K [0x0000000081400000, 0x0000000088d00000, 0x00000000d5c00000)
  object space 123904K, 19% used [0x0000000081400000,0x0000000082b78a60,0x0000000088d00000)
 Metaspace       used 68509K, capacity 71284K, committed 71384K, reserved 1112064K
  class space    used 8904K, capacity 9439K, committed 9472K, reserved 1048576K
Event: 23031.283 GC heap after
Heap after GC invocations=25 (full 7):
 PSYoungGen      total 588800K, used 0K [0x00000000d5c00000, 0x00000000fac00000, 0x0000000100000000)
  eden space 571392K, 0% used [0x00000000d5c00000,0x00000000d5c00000,0x00000000f8a00000)
  from space 17408K, 0% used [0x00000000f9b00000,0x00000000f9b00000,0x00000000fac00000)
  to   space 17408K, 0% used [0x00000000f8a00000,0x00000000f8a00000,0x00000000f9b00000)
 ParOldGen       total 123904K, used 22566K [0x0000000081400000, 0x0000000088d00000, 0x00000000d5c00000)
  object space 123904K, 18% used [0x0000000081400000,0x0000000082a09920,0x0000000088d00000)
 Metaspace       used 68341K, capacity 70918K, committed 71384K, reserved 1112064K
  class space    used 8870K, capacity 9377K, committed 9472K, reserved 1048576K
}
Event: 23039.412 GC heap before
{Heap before GC invocations=26 (full 7):
 PSYoungGen      total 588800K, used 166510K [0x00000000d5c00000, 0x00000000fac00000, 0x0000000100000000)
  eden space 571392K, 29% used [0x00000000d5c00000,0x00000000dfe9b9d0,0x00000000f8a00000)
  from space 17408K, 0% used [0x00000000f9b00000,0x00000000f9b00000,0x00000000fac00000)
  to   space 17408K, 0% used [0x00000000f8a00000,0x00000000f8a00000,0x00000000f9b00000)
 ParOldGen       total 123904K, used 22566K [0x0000000081400000, 0x0000000088d00000, 0x00000000d5c00000)
  object space 123904K, 18% used [0x0000000081400000,0x0000000082a09920,0x0000000088d00000)
 Metaspace       used 69034K, capacity 71788K, committed 72024K, reserved 1112064K
  class space    used 8936K, capacity 9467K, committed 9600K, reserved 1048576K
Event: 23039.436 GC heap after
Heap after GC invocations=26 (full 7):
 PSYoungGen      total 579584K, used 7986K [0x00000000d5c00000, 0x00000000fab00000, 0x0000000100000000)
  eden space 571392K, 0% used [0x00000000d5c00000,0x00000000d5c00000,0x00000000f8a00000)
  from space 8192K, 97% used [0x00000000f8a00000,0x00000000f91ccae8,0x00000000f9200000)
  to   space 16896K, 0% used [0x00000000f9a80000,0x00000000f9a80000,0x00000000fab00000)
 ParOldGen       total 123904K, used 22574K [0x0000000081400000, 0x0000000088d00000, 0x00000000d5c00000)
  object space 123904K, 18% used [0x0000000081400000,0x0000000082a0b920,0x0000000088d00000)
 Metaspace       used 69034K, capacity 71788K, committed 72024K, reserved 1112064K
  class space    used 8936K, capacity 9467K, committed 9600K, reserved 1048576K
}
Event: 23039.436 GC heap before
{Heap before GC invocations=27 (full 8):
 PSYoungGen      total 579584K, used 7986K [0x00000000d5c00000, 0x00000000fab00000, 0x0000000100000000)
  eden space 571392K, 0% used [0x00000000d5c00000,0x00000000d5c00000,0x00000000f8a00000)
  from space 8192K, 97% used [0x00000000f8a00000,0x00000000f91ccae8,0x00000000f9200000)
  to   space 16896K, 0% used [0x00000000f9a80000,0x00000000f9a80000,0x00000000fab00000)
 ParOldGen       total 123904K, used 22574K [0x0000000081400000, 0x0000000088d00000, 0x00000000d5c00000)
  object space 123904K, 18% used [0x0000000081400000,0x0000000082a0b920,0x0000000088d00000)
 Metaspace       used 69034K, capacity 71788K, committed 72024K, reserved 1112064K
  class space    used 8936K, capacity 9467K, committed 9600K, reserved 1048576K
Event: 23039.755 GC heap after
Heap after GC invocations=27 (full 8):
 PSYoungGen      total 579584K, used 0K [0x00000000d5c00000, 0x00000000fab00000, 0x0000000100000000)
  eden space 571392K, 0% used [0x00000000d5c00000,0x00000000d5c00000,0x00000000f8a00000)
  from space 8192K, 0% used [0x00000000f8a00000,0x00000000f8a00000,0x00000000f9200000)
  to   space 16896K, 0% used [0x00000000f9a80000,0x00000000f9a80000,0x00000000fab00000)
 ParOldGen       total 123904K, used 24952K [0x0000000081400000, 0x0000000088d00000, 0x00000000d5c00000)
  object space 123904K, 20% used [0x0000000081400000,0x0000000082c5e178,0x0000000088d00000)
 Metaspace       used 68977K, capacity 71680K, committed 72024K, reserved 1112064K
  class space    used 8926K, capacity 9448K, committed 9600K, reserved 1048576K
}

Deoptimization events (10 events):
Event: 23032.159 Thread 0x000000001de3c000 Uncommon trap: reason=array_check action=maybe_recompile pc=0x00000000047e0a10 method=org.springframework.core.type.classreading.AnnotationReadingVisitorUtils.convertClassValues(Ljava/lang/Object;Ljava/lang/ClassLoader;Lorg/springframework/core/annotation
Event: 23032.159 Thread 0x000000001de3c000 Uncommon trap: reason=array_check action=maybe_recompile pc=0x00000000047e0a10 method=org.springframework.core.type.classreading.AnnotationReadingVisitorUtils.convertClassValues(Ljava/lang/Object;Ljava/lang/ClassLoader;Lorg/springframework/core/annotation
Event: 23032.159 Thread 0x000000001de3c000 Uncommon trap: reason=array_check action=maybe_recompile pc=0x00000000047e0a10 method=org.springframework.core.type.classreading.AnnotationReadingVisitorUtils.convertClassValues(Ljava/lang/Object;Ljava/lang/ClassLoader;Lorg/springframework/core/annotation
Event: 23032.159 Thread 0x000000001de3c000 Uncommon trap: reason=array_check action=maybe_recompile pc=0x00000000047e0a10 method=org.springframework.core.type.classreading.AnnotationReadingVisitorUtils.convertClassValues(Ljava/lang/Object;Ljava/lang/ClassLoader;Lorg/springframework/core/annotation
Event: 23032.168 Thread 0x000000001de3c000 Uncommon trap: reason=array_check action=maybe_recompile pc=0x00000000047e7564 method=org.springframework.util.ObjectUtils.addObjectToArray([Ljava/lang/Object;Ljava/lang/Object;)[Ljava/lang/Object; @ 75
Event: 23032.412 Thread 0x000000001de3c000 Uncommon trap: reason=class_check action=maybe_recompile pc=0x000000000467cb7c method=sun.reflect.NativeMethodAccessorImpl.invoke(Ljava/lang/Object;[Ljava/lang/Object;)Ljava/lang/Object; @ 82
Event: 23032.627 Thread 0x000000001de3c000 Uncommon trap: reason=class_check action=maybe_recompile pc=0x000000000467cb7c method=sun.reflect.NativeMethodAccessorImpl.invoke(Ljava/lang/Object;[Ljava/lang/Object;)Ljava/lang/Object; @ 82
Event: 23032.627 Thread 0x000000001de3c000 Uncommon trap: reason=class_check action=maybe_recompile pc=0x000000000467cb7c method=sun.reflect.NativeMethodAccessorImpl.invoke(Ljava/lang/Object;[Ljava/lang/Object;)Ljava/lang/Object; @ 82
Event: 23032.628 Thread 0x000000001de3c000 Uncommon trap: reason=class_check action=maybe_recompile pc=0x000000000467cb7c method=sun.reflect.NativeMethodAccessorImpl.invoke(Ljava/lang/Object;[Ljava/lang/Object;)Ljava/lang/Object; @ 82
Event: 23039.410 Thread 0x000000001de3b800 Uncommon trap: reason=unstable_if action=reinterpret pc=0x00000000049d1f54 method=java.nio.channels.spi.AbstractSelector.begin()V @ 34

Classes redefined (0 events):
No events

Internal exceptions (10 events):
Event: 23040.696 Thread 0x000000001ea18800 Exception <a 'java/io/FileNotFoundException'> (0x00000000dbb9c560) thrown at [C:\re\workspace\8-2-build-windows-amd64-cygwin\jdk8u171\10807\hotspot\src\share\vm\prims\jni.cpp, line 709]
Event: 23040.731 Thread 0x000000001ea18800 Exception <a 'java/lang/ClassNotFoundException': java/lang/ObjectCustomizer> (0x00000000dbc803d8) thrown at [C:\re\workspace\8-2-build-windows-amd64-cygwin\jdk8u171\10807\hotspot\src\share\vm\classfile\systemDictionary.cpp, line 210]
Event: 23040.734 Thread 0x000000001ea18800 Exception <a 'java/lang/ClassNotFoundException': org/springframework/security/config/annotation/web/configuration/WebSecurityConfigurerAdapterCustomizer> (0x00000000dbca7cb8) thrown at [C:\re\workspace\8-2-build-windows-amd64-cygwin\jdk8u171\10807\hotspot
Event: 23040.737 Thread 0x000000001ea18800 Exception <a 'java/lang/ClassNotFoundException': com/tezamess/main/SecurityConfigCustomizer> (0x00000000dbcc8cc8) thrown at [C:\re\workspace\8-2-build-windows-amd64-cygwin\jdk8u171\10807\hotspot\src\share\vm\classfile\systemDictionary.cpp, line 210]
Event: 23040.740 Thread 0x000000001ea18800 Exception <a 'java/lang/ClassNotFoundException': com/tezamess/main/SecurityConfig$$EnhancerBySpringCGLIB$$cb85e920Customizer> (0x00000000dbceac10) thrown at [C:\re\workspace\8-2-build-windows-amd64-cygwin\jdk8u171\10807\hotspot\src\share\vm\classfile\syst
Event: 23040.743 Thread 0x000000001ea18800 Exception <a 'java/lang/ClassNotFoundException': org/springframework/context/annotation/ConfigurationClassEnhancer$EnhancedConfigurationCustomizer> (0x00000000dbd1f000) thrown at [C:\re\workspace\8-2-build-windows-amd64-cygwin\jdk8u171\10807\hotspot\src\s
Event: 23040.745 Thread 0x000000001ea18800 Exception <a 'java/lang/ClassNotFoundException': org/springframework/beans/factory/BeanFactoryAwareCustomizer> (0x00000000dbd37930) thrown at [C:\re\workspace\8-2-build-windows-amd64-cygwin\jdk8u171\10807\hotspot\src\share\vm\classfile\systemDictionary.cp
Event: 23040.747 Thread 0x000000001ea18800 Exception <a 'java/lang/ClassNotFoundException': org/springframework/beans/factory/AwareCustomizer> (0x00000000dbd4e7f8) thrown at [C:\re\workspace\8-2-build-windows-amd64-cygwin\jdk8u171\10807\hotspot\src\share\vm\classfile\systemDictionary.cpp, line 210
Event: 23040.749 Thread 0x000000001ea18800 Exception <a 'java/lang/ClassNotFoundException': org/springframework/security/config/annotation/web/WebSecurityConfigurerCustomizer> (0x00000000dbd6c068) thrown at [C:\re\workspace\8-2-build-windows-amd64-cygwin\jdk8u171\10807\hotspot\src\share\vm\classfi
Event: 23040.751 Thread 0x000000001ea18800 Exception <a 'java/lang/ClassNotFoundException': org/springframework/security/config/annotation/SecurityConfigurerCustomizer> (0x00000000dbd88b90) thrown at [C:\re\workspace\8-2-build-windows-amd64-cygwin\jdk8u171\10807\hotspot\src\share\vm\classfile\syst

Events (10 events):
Event: 23041.589 Thread 0x000000001ea24800 Thread added: 0x000000001ea24800
Event: 23041.589 Thread 0x000000001ea21800 Thread added: 0x000000001ea21800
Event: 23041.589 Thread 0x000000001ea26000 Thread added: 0x000000001ea26000
Event: 23041.590 Thread 0x000000001ea1f800 Thread added: 0x000000001ea1f800
Event: 23041.590 Thread 0x000000001de39000 Thread added: 0x000000001de39000
Event: 23041.590 Thread 0x000000001de37000 Thread added: 0x000000001de37000
Event: 23041.593 Thread 0x000000001de35800 Thread added: 0x000000001de35800
Event: 23041.595 Thread 0x000000001de3d000 Thread added: 0x000000001de3d000
Event: 23041.595 Thread 0x000000001de3a800 Thread added: 0x000000001de3a800
Event: 23041.602 Executing VM operation: RevokeBias


Dynamic libraries:
0x00007ff7ce390000 - 0x00007ff7ce3c7000 	C:\Program Files\Java\jdk1.8.0_171\bin\java.exe
0x00007ffd6f8e0000 - 0x00007ffd6facd000 	C:\WINDOWS\SYSTEM32\ntdll.dll
0x00007ffd6e810000 - 0x00007ffd6e8c3000 	C:\WINDOWS\System32\KERNEL32.DLL
0x00007ffd6c7f0000 - 0x00007ffd6ca83000 	C:\WINDOWS\System32\KERNELBASE.dll
0x00007ffd6f590000 - 0x00007ffd6f633000 	C:\WINDOWS\System32\ADVAPI32.dll
0x00007ffd6f240000 - 0x00007ffd6f2de000 	C:\WINDOWS\System32\msvcrt.dll
0x00007ffd6f810000 - 0x00007ffd6f8ae000 	C:\WINDOWS\System32\sechost.dll
0x00007ffd6f390000 - 0x00007ffd6f4b2000 	C:\WINDOWS\System32\RPCRT4.dll
0x00007ffd6e060000 - 0x00007ffd6e1f7000 	C:\WINDOWS\System32\USER32.dll
0x00007ffd6c1b0000 - 0x00007ffd6c1d0000 	C:\WINDOWS\System32\win32u.dll
0x00007ffd6f2e0000 - 0x00007ffd6f309000 	C:\WINDOWS\System32\GDI32.dll
0x00007ffd6c460000 - 0x00007ffd6c5fa000 	C:\WINDOWS\System32\gdi32full.dll
0x00007ffd6c700000 - 0x00007ffd6c7a0000 	C:\WINDOWS\System32\msvcp_win.dll
0x00007ffd6c600000 - 0x00007ffd6c6fa000 	C:\WINDOWS\System32\ucrtbase.dll
0x00007ffd4c330000 - 0x00007ffd4c5a9000 	C:\WINDOWS\WinSxS\amd64_microsoft.windows.common-controls_6595b64144ccf1df_6.0.17763.503_none_05b23ef40721f4ae\COMCTL32.dll
0x00007ffd6e460000 - 0x00007ffd6e78c000 	C:\WINDOWS\System32\combase.dll
0x00007ffd6ca90000 - 0x00007ffd6cb0e000 	C:\WINDOWS\System32\bcryptPrimitives.dll
0x00007ffd6efd0000 - 0x00007ffd6effe000 	C:\WINDOWS\System32\IMM32.DLL
0x0000000056580000 - 0x0000000056652000 	C:\Program Files\Java\jdk1.8.0_171\jre\bin\msvcr100.dll
0x0000000056660000 - 0x0000000056f00000 	C:\Program Files\Java\jdk1.8.0_171\jre\bin\server\jvm.dll
0x00007ffd6f380000 - 0x00007ffd6f388000 	C:\WINDOWS\System32\PSAPI.DLL
0x00007ffd66d90000 - 0x00007ffd66db4000 	C:\WINDOWS\SYSTEM32\WINMM.dll
0x00007ffd59f00000 - 0x00007ffd59f09000 	C:\WINDOWS\SYSTEM32\WSOCK32.dll
0x00007ffd60c10000 - 0x00007ffd60c1a000 	C:\WINDOWS\SYSTEM32\VERSION.dll
0x00007ffd6e790000 - 0x00007ffd6e7fd000 	C:\WINDOWS\System32\WS2_32.dll
0x00007ffd66d60000 - 0x00007ffd66d8d000 	C:\WINDOWS\SYSTEM32\winmmbase.dll
0x00007ffd6c7a0000 - 0x00007ffd6c7ea000 	C:\WINDOWS\System32\cfgmgr32.dll
0x0000000056530000 - 0x000000005653f000 	C:\Program Files\Java\jdk1.8.0_171\jre\bin\verify.dll
0x0000000056500000 - 0x0000000056529000 	C:\Program Files\Java\jdk1.8.0_171\jre\bin\java.dll
0x00000000564e0000 - 0x00000000564f6000 	C:\Program Files\Java\jdk1.8.0_171\jre\bin\zip.dll
0x00007ffd6cb70000 - 0x00007ffd6e060000 	C:\WINDOWS\System32\SHELL32.dll
0x00007ffd6e200000 - 0x00007ffd6e2a8000 	C:\WINDOWS\System32\shcore.dll
0x00007ffd6ba60000 - 0x00007ffd6c1aa000 	C:\WINDOWS\System32\windows.storage.dll
0x00007ffd6b920000 - 0x00007ffd6b944000 	C:\WINDOWS\System32\profapi.dll
0x00007ffd6b950000 - 0x00007ffd6b9ad000 	C:\WINDOWS\System32\powrprof.dll
0x00007ffd6f320000 - 0x00007ffd6f372000 	C:\WINDOWS\System32\shlwapi.dll
0x00007ffd6b8e0000 - 0x00007ffd6b8f1000 	C:\WINDOWS\System32\kernel.appcore.dll
0x00007ffd6c440000 - 0x00007ffd6c457000 	C:\WINDOWS\System32\cryptsp.dll
0x0000000056230000 - 0x000000005623d000 	C:\Program Files\Java\jdk1.8.0_171\jre\bin\management.dll
0x00000000564c0000 - 0x00000000564da000 	C:\Program Files\Java\jdk1.8.0_171\jre\bin\net.dll
0x00007ffd6ad20000 - 0x00007ffd6ad87000 	C:\WINDOWS\system32\mswsock.dll
0x00007ffd65750000 - 0x00007ffd65766000 	C:\WINDOWS\system32\napinsp.dll
0x00007ffd60170000 - 0x00007ffd6018a000 	C:\WINDOWS\system32\pnrpnsp.dll
0x00007ffd6aac0000 - 0x00007ffd6ab86000 	C:\WINDOWS\SYSTEM32\DNSAPI.dll
0x00007ffd6e800000 - 0x00007ffd6e808000 	C:\WINDOWS\System32\NSI.dll
0x00007ffd6aa80000 - 0x00007ffd6aabd000 	C:\WINDOWS\SYSTEM32\IPHLPAPI.DLL
0x00007ffd65740000 - 0x00007ffd6574e000 	C:\WINDOWS\System32\winrnr.dll
0x00007ffd67c50000 - 0x00007ffd67c6b000 	C:\WINDOWS\system32\NLAapi.dll
0x00007ffd6a420000 - 0x00007ffd6a435000 	C:\WINDOWS\system32\wshbth.dll
0x00000000574b0000 - 0x00000000574d6000 	C:\Program Files\Bonjour\mdnsNSP.dll
0x00007ffd5d8d0000 - 0x00007ffd5d8da000 	C:\Windows\System32\rasadhlp.dll
0x00007ffd5f9f0000 - 0x00007ffd5fa69000 	C:\WINDOWS\System32\fwpuclnt.dll
0x00007ffd6c410000 - 0x00007ffd6c436000 	C:\WINDOWS\System32\bcrypt.dll
0x00000000564a0000 - 0x00000000564b1000 	C:\Program Files\Java\jdk1.8.0_171\jre\bin\nio.dll
0x00007ffd6a8e0000 - 0x00007ffd6a913000 	C:\WINDOWS\system32\rsaenh.dll
0x00007ffd6b7e0000 - 0x00007ffd6b808000 	C:\WINDOWS\SYSTEM32\USERENV.dll
0x00007ffd6aef0000 - 0x00007ffd6aefc000 	C:\WINDOWS\SYSTEM32\CRYPTBASE.dll
0x00007ffd614c0000 - 0x00007ffd614d6000 	C:\WINDOWS\SYSTEM32\dhcpcsvc6.DLL
0x00007ffd61360000 - 0x00007ffd6137c000 	C:\WINDOWS\SYSTEM32\dhcpcsvc.DLL
0x0000000056120000 - 0x0000000056144000 	C:\Program Files\Java\jdk1.8.0_171\jre\bin\sunec.dll

VM Arguments:
java_command: com.tezamess.main.AppchatApplication
java_class_path (initial): F:\tezamess\target\classes;C:\Users\user.MINHTRI\.m2\repository\org\springframework\boot\spring-boot-starter-web\2.1.4.RELEASE\spring-boot-starter-web-2.1.4.RELEASE.jar;C:\Users\user.MINHTRI\.m2\repository\org\springframework\boot\spring-boot-starter\2.1.4.RELEASE\spring-boot-starter-2.1.4.RELEASE.jar;C:\Users\user.MINHTRI\.m2\repository\org\springframework\boot\spring-boot-starter-logging\2.1.4.RELEASE\spring-boot-starter-logging-2.1.4.RELEASE.jar;C:\Users\user.MINHTRI\.m2\repository\ch\qos\logback\logback-classic\1.2.3\logback-classic-1.2.3.jar;C:\Users\user.MINHTRI\.m2\repository\ch\qos\logback\logback-core\1.2.3\logback-core-1.2.3.jar;C:\Users\user.MINHTRI\.m2\repository\org\apache\logging\log4j\log4j-to-slf4j\2.11.2\log4j-to-slf4j-2.11.2.jar;C:\Users\user.MINHTRI\.m2\repository\org\apache\logging\log4j\log4j-api\2.11.2\log4j-api-2.11.2.jar;C:\Users\user.MINHTRI\.m2\repository\org\slf4j\jul-to-slf4j\1.7.26\jul-to-slf4j-1.7.26.jar;C:\Users\user.MINHTRI\.m2\repository\javax\annotation\javax.annotation-api\1.3.2\javax.annotation-api-1.3.2.jar;C:\Users\user.MINHTRI\.m2\repository\org\yaml\snakeyaml\1.23\snakeyaml-1.23.jar;C:\Users\user.MINHTRI\.m2\repository\org\springframework\boot\spring-boot-starter-json\2.1.4.RELEASE\spring-boot-starter-json-2.1.4.RELEASE.jar;C:\Users\user.MINHTRI\.m2\repository\com\fasterxml\jackson\core\jackson-databind\2.9.8\jackson-databind-2.9.8.jar;C:\Users\user.MINHTRI\.m2\repository\com\fasterxml\jackson\core\jackson-annotations\2.9.0\jackson-annotations-2.9.0.jar;C:\Users\user.MINHTRI\.m2\repository\com\fasterxml\jackson\core\jackson-core\2.9.8\jackson-core-2.9.8.jar;C:\Users\user.MINHTRI\.m2\repository\com\fasterxml\jackson\datatype\jackson-datatype-jdk8\2.9.8\jackson-datatype-jdk8-2.9.8.jar;C:\Users\user.MINHTRI\.m2\repository\com\fasterxml\jackson\datatype\jackson-datatype-jsr310\2.9.8\jackson-datatype-jsr310-2.9.8.jar;C:\Users\user.MINHTRI\.m2\repository\com\fasterxml\jackson\module\jackson-module-parame
Launcher Type: SUN_STANDARD

Environment Variables:
JAVA_HOME=C:\Program Files\Java\jdk1.8.0_171
JRE_HOME=C:\Program Files\Java\jre1.8.0_211
PATH=C:\Program Files (x86)\Common Files\Oracle\Java\javapath;%JDK_HOME%\bin;%M2_HOME%\bin;C:\ProgramData\Oracle\Java\javapath;C:\WINDOWS\system32;C:\WINDOWS;C:\WINDOWS\System32\Wbem;C:\WINDOWS\System32\WindowsPowerShell\v1.0\;C:\Program Files (x86)\Skype\Phone\;C:\Program Files (x86)\Microsoft SQL Server\100\Tools\Binn\;C:\Program Files\Microsoft SQL Server\100\Tools\Binn\;C:\Program Files\Microsoft SQL Server\100\DTS\Binn\;C:\Program Files\dotnet\;C:\Program Files\Intel\WiFi\bin\;C:\Program Files\Common Files\Intel\WirelessCommon\;C:\WINDOWS\System32\OpenSSH\;C:\Program Files\Microsoft SQL Server\130\Tools\Binn\;C:\Program Files\Microsoft SQL Server\120\Tools\Binn\;C:\Program Files\Microsoft SQL Server\Client SDK\ODBC\110\Tools\Binn\;C:\Program Files (x86)\Microsoft SQL Server\120\Tools\Binn\;C:\Program Files\Microsoft SQL Server\120\DTS\Binn\;C:\Program Files (x86)\Microsoft SQL Server\120\Tools\Binn\ManagementStudio\;C:\Program Files (x86)\Microsoft SQL Server\120\DTS\Binn\;C:\Program Files\Git\cmd;C:\Program Files\nodejs\;C:\apache-maven-3.6.1\bin;C:\Users\user.MINHTRI\AppData\Local\Microsoft\WindowsApps;C:\Users\user.MINHTRI\AppData\Roaming\npm;C:\Users\user.MINHTRI\AppData\Local\Programs\Microsoft VS Code\bin
USERNAME=user
OS=Windows_NT
PROCESSOR_IDENTIFIER=Intel64 Family 6 Model 61 Stepping 4, GenuineIntel



---------------  S Y S T E M  ---------------

OS: Windows 10.0 , 64 bit Build 17763 (10.0.17763.475)

CPU:total 4 (initial active 4) (2 cores per cpu, 2 threads per core) family 6 model 61 stepping 4, cmov, cx8, fxsr, mmx, sse, sse2, sse3, ssse3, sse4.1, sse4.2, popcnt, avx, avx2, aes, clmul, erms, 3dnowpref, lzcnt, ht, tsc, tscinvbit, bmi1, bmi2, adx

Memory: 4k page, physical 8300384k(335564k free), swap 12592992k(284k free)

vm_info: Java HotSpot(TM) 64-Bit Server VM (25.171-b11) for windows-amd64 JRE (1.8.0_171-b11), built on Mar 28 2018 16:06:12 by "java_re" with MS VC++ 10.0 (VS2010)

time: Tue Jun 11 16:18:17 2019
elapsed time: 23041 seconds (0d 6h 24m 1s)

